Archive member included to satisfy reference by file (symbol)

c:/nxp/s32ds.3.5/s32ds/build_tools/gcc_v10.2/gcc-10.2-arm32-eabi/bin/../lib/gcc/arm-none-eabi/10.2.0/../../../../arm-none-eabi/lib/thumb/v7e-m+fp/hard\libc_nano.a(lib_a-memmove.o)
                              ./RTD/src/Siul2_Port_Ip.o (memmove)
c:/nxp/s32ds.3.5/s32ds/build_tools/gcc_v10.2/gcc-10.2-arm32-eabi/bin/../lib/gcc/arm-none-eabi/10.2.0/../../../../arm-none-eabi/lib/thumb/v7e-m+fp/hard\libc_nano.a(lib_a-memset.o)
                              ./Project_Settings/Startup_Code/startup.o (memset)

Discarded input sections

 .group         0x00000000        0xc ./Project_Settings/Startup_Code/exceptions.o
 .group         0x00000000        0xc ./Project_Settings/Startup_Code/exceptions.o
 .group         0x00000000        0xc ./Project_Settings/Startup_Code/exceptions.o
 .group         0x00000000        0xc ./Project_Settings/Startup_Code/exceptions.o
 .group         0x00000000        0xc ./Project_Settings/Startup_Code/exceptions.o
 .group         0x00000000        0xc ./Project_Settings/Startup_Code/exceptions.o
 .group         0x00000000        0xc ./Project_Settings/Startup_Code/exceptions.o
 .group         0x00000000        0xc ./Project_Settings/Startup_Code/exceptions.o
 .group         0x00000000        0xc ./Project_Settings/Startup_Code/exceptions.o
 .group         0x00000000        0xc ./Project_Settings/Startup_Code/exceptions.o
 .group         0x00000000        0xc ./Project_Settings/Startup_Code/exceptions.o
 .group         0x00000000        0xc ./Project_Settings/Startup_Code/exceptions.o
 .group         0x00000000        0xc ./Project_Settings/Startup_Code/exceptions.o
 .group         0x00000000        0xc ./Project_Settings/Startup_Code/exceptions.o
 .group         0x00000000        0xc ./Project_Settings/Startup_Code/exceptions.o
 .group         0x00000000        0xc ./Project_Settings/Startup_Code/exceptions.o
 .group         0x00000000        0xc ./Project_Settings/Startup_Code/exceptions.o
 .group         0x00000000        0xc ./Project_Settings/Startup_Code/exceptions.o
 .group         0x00000000        0xc ./Project_Settings/Startup_Code/exceptions.o
 .group         0x00000000        0xc ./Project_Settings/Startup_Code/exceptions.o
 .group         0x00000000        0xc ./Project_Settings/Startup_Code/exceptions.o
 .group         0x00000000        0xc ./Project_Settings/Startup_Code/exceptions.o
 .group         0x00000000        0xc ./Project_Settings/Startup_Code/exceptions.o
 .group         0x00000000        0xc ./Project_Settings/Startup_Code/exceptions.o
 .group         0x00000000        0xc ./Project_Settings/Startup_Code/exceptions.o
 .group         0x00000000        0xc ./Project_Settings/Startup_Code/exceptions.o
 .group         0x00000000        0xc ./Project_Settings/Startup_Code/nvic.o
 .group         0x00000000        0xc ./Project_Settings/Startup_Code/nvic.o
 .group         0x00000000        0xc ./Project_Settings/Startup_Code/nvic.o
 .group         0x00000000        0xc ./Project_Settings/Startup_Code/nvic.o
 .group         0x00000000        0xc ./Project_Settings/Startup_Code/nvic.o
 .group         0x00000000        0xc ./Project_Settings/Startup_Code/nvic.o
 .group         0x00000000        0xc ./Project_Settings/Startup_Code/nvic.o
 .group         0x00000000        0xc ./Project_Settings/Startup_Code/nvic.o
 .group         0x00000000        0xc ./Project_Settings/Startup_Code/nvic.o
 .group         0x00000000        0xc ./Project_Settings/Startup_Code/nvic.o
 .group         0x00000000        0xc ./Project_Settings/Startup_Code/nvic.o
 .group         0x00000000        0xc ./Project_Settings/Startup_Code/nvic.o
 .group         0x00000000        0xc ./Project_Settings/Startup_Code/nvic.o
 .group         0x00000000        0xc ./Project_Settings/Startup_Code/nvic.o
 .group         0x00000000        0xc ./Project_Settings/Startup_Code/nvic.o
 .group         0x00000000        0xc ./Project_Settings/Startup_Code/nvic.o
 .group         0x00000000        0xc ./Project_Settings/Startup_Code/nvic.o
 .group         0x00000000        0xc ./Project_Settings/Startup_Code/nvic.o
 .group         0x00000000        0xc ./Project_Settings/Startup_Code/nvic.o
 .group         0x00000000        0xc ./Project_Settings/Startup_Code/nvic.o
 .group         0x00000000        0xc ./Project_Settings/Startup_Code/nvic.o
 .group         0x00000000        0xc ./Project_Settings/Startup_Code/nvic.o
 .group         0x00000000        0xc ./Project_Settings/Startup_Code/nvic.o
 .group         0x00000000        0xc ./Project_Settings/Startup_Code/nvic.o
 .group         0x00000000        0xc ./Project_Settings/Startup_Code/nvic.o
 .group         0x00000000        0xc ./Project_Settings/Startup_Code/nvic.o
 .group         0x00000000        0xc ./Project_Settings/Startup_Code/nvic.o
 .group         0x00000000        0xc ./Project_Settings/Startup_Code/nvic.o
 .group         0x00000000        0xc ./Project_Settings/Startup_Code/nvic.o
[...]
Memory Configuration

Name             Origin             Length             Attributes
int_flash_c0     0x00400000         0x00100000
int_flash_c1     0x00500000         0x000d4000
int_itcm         0x00000000         0x00008000
int_dtcm         0x20000000         0x0000f000
int_stack_dtcm   0x2000f000         0x00001000
int_sram_c0      0x20400000         0x00003f00
int_sram_fls_rsv_c0 0x20403f00         0x00000100
int_sram_no_cacheable_c0 0x20404000         0x00002000
ram_end_c0       0x20406000         0x00000000
int_sram_c1      0x20406000         0x00001f00
int_sram_fls_rsv_c1 0x20407f00         0x00000100
int_sram_no_cacheable_c1 0x20408000         0x00004000
ram_end_c1       0x2040c000         0x00000000
int_sram_shareable 0x2040c000         0x00004000
ram_rsvd2        0x20410000         0x00000000
*default*        0x00000000         0xffffffff

Linker script and memory map

LOAD ./Project_Settings/Startup_Code/Vector_Table.o
LOAD ./Project_Settings/Startup_Code/exceptions.o
LOAD ./Project_Settings/Startup_Code/nvic.o
LOAD ./Project_Settings/Startup_Code/startup.o
LOAD ./Project_Settings/Startup_Code/startup_cm7.o
LOAD ./Project_Settings/Startup_Code/system.o
LOAD ./RTD/src/Clock_Ip.o
LOAD ./RTD/src/Clock_Ip_Data.o
LOAD ./RTD/src/Clock_Ip_Divider.o
LOAD ./RTD/src/Clock_Ip_DividerTrigger.o
LOAD ./RTD/src/Clock_Ip_ExtOsc.o
LOAD ./RTD/src/Clock_Ip_FracDiv.o
LOAD ./RTD/src/Clock_Ip_Frequency.o
LOAD ./RTD/src/Clock_Ip_Gate.o
LOAD ./RTD/src/Clock_Ip_IntOsc.o
LOAD ./RTD/src/Clock_Ip_Irq.o
LOAD ./RTD/src/Clock_Ip_Monitor.o
LOAD ./RTD/src/Clock_Ip_Pll.o
LOAD ./RTD/src/Clock_Ip_ProgFreqSwitch.o
LOAD ./RTD/src/Clock_Ip_Selector.o
LOAD ./RTD/src/Clock_Ip_Specific.o
LOAD ./RTD/src/Det.o
LOAD ./RTD/src/Det_stub.o
LOAD ./RTD/src/Dio.o
LOAD ./RTD/src/Dio_Ipw.o
LOAD ./RTD/src/Igf_Port_Ip.o
LOAD ./RTD/src/Mcu.o
LOAD ./RTD/src/Mcu_Dem_Wrapper.o
LOAD ./RTD/src/Mcu_Ipw.o
LOAD ./RTD/src/OsIf_Interrupts.o
LOAD ./RTD/src/OsIf_Timer.o
LOAD ./RTD/src/OsIf_Timer_System.o
LOAD ./RTD/src/OsIf_Timer_System_Internal_Systick.o
LOAD ./RTD/src/Port.o
LOAD ./RTD/src/Port_Ipw.o
LOAD ./RTD/src/Power_Ip.o
LOAD ./RTD/src/Power_Ip_AEC.o
LOAD ./RTD/src/Power_Ip_CortexM7.o
LOAD ./RTD/src/Power_Ip_DCM_GPR.o
LOAD ./RTD/src/Power_Ip_FLASH.o
LOAD ./RTD/src/Power_Ip_MC_ME.o
LOAD ./RTD/src/Power_Ip_MC_RGM.o
LOAD ./RTD/src/Power_Ip_MC_RGM_Irq.o
LOAD ./RTD/src/Power_Ip_PMC.o
LOAD ./RTD/src/Power_Ip_PMC_Irq.o
LOAD ./RTD/src/Power_Ip_Private.o
LOAD ./RTD/src/Ram_Ip.o
LOAD ./RTD/src/SchM_Dio.o
LOAD ./RTD/src/SchM_Mcu.o
LOAD ./RTD/src/SchM_Port.o
LOAD ./RTD/src/Siul2_Dio_Ip.o
LOAD ./RTD/src/Siul2_Port_Ip.o
LOAD ./RTD/src/Tspc_Port_Ip.o
LOAD ./board/Siul2_Port_Ip_Cfg.o
LOAD ./board/Tspc_Port_Ip_Cfg.o
LOAD ./generate/src/Clock_Ip_BOARD_InitPeripherals_PBcfg.o
LOAD ./generate/src/Clock_Ip_Cfg.o
LOAD ./generate/src/Dio_Cfg.o
LOAD ./generate/src/Igf_Port_Ip_BOARD_InitPeripherals_PBcfg.o
LOAD ./generate/src/Igf_Port_Ip_Cfg.o
LOAD ./generate/src/Mcu_BOARD_InitPeripherals_PBcfg.o
LOAD ./generate/src/Mcu_Cfg.o
LOAD ./generate/src/OsIf_Cfg.o
LOAD ./generate/src/Port_BOARD_InitPeripherals_PBcfg.o
LOAD ./generate/src/Port_Cfg.o
LOAD ./generate/src/Power_Ip_BOARD_InitPeripherals_PBcfg.o
LOAD ./generate/src/Power_Ip_Cfg.o
LOAD ./generate/src/Ram_Ip_BOARD_InitPeripherals_PBcfg.o
LOAD ./generate/src/Ram_Ip_Cfg.o
LOAD ./generate/src/Siul2_Port_Ip_BOARD_InitPeripherals_PBcfg.o
LOAD ./generate/src/Tspc_Port_Ip_BOARD_InitPeripherals_PBcfg.o
LOAD ./src/main.o
LOAD c:/nxp/s32ds.3.5/s32ds/build_tools/gcc_v10.2/gcc-10.2-arm32-eabi/bin/../lib/gcc/arm-none-eabi/10.2.0/../../../../arm-none-eabi/lib/thumb/v7e-m+fp/hard\libc_nano.a
LOAD c:/nxp/s32ds.3.5/s32ds/build_tools/gcc_v10.2/gcc-10.2-arm32-eabi/bin/../lib/gcc/arm-none-eabi/10.2.0/../../../../arm-none-eabi/lib/thumb/v7e-m+fp/hard\libm.a
LOAD c:/nxp/s32ds.3.5/s32ds/build_tools/gcc_v10.2/gcc-10.2-arm32-eabi/bin/../lib/gcc/arm-none-eabi/10.2.0/thumb/v7e-m+fp/hard\libgcc.a
START GROUP
LOAD c:/nxp/s32ds.3.5/s32ds/build_tools/gcc_v10.2/gcc-10.2-arm32-eabi/bin/../lib/gcc/arm-none-eabi/10.2.0/thumb/v7e-m+fp/hard\libgcc.a
LOAD c:/nxp/s32ds.3.5/s32ds/build_tools/gcc_v10.2/gcc-10.2-arm32-eabi/bin/../lib/gcc/arm-none-eabi/10.2.0/../../../../arm-none-eabi/lib/thumb/v7e-m+fp/hard\libg_nano.a
LOAD c:/nxp/s32ds.3.5/s32ds/build_tools/gcc_v10.2/gcc-10.2-arm32-eabi/bin/../lib/gcc/arm-none-eabi/10.2.0/../../../../arm-none-eabi/lib/thumb/v7e-m+fp/hard\libc_nano.a
END GROUP
START GROUP
LOAD c:/nxp/s32ds.3.5/s32ds/build_tools/gcc_v10.2/gcc-10.2-arm32-eabi/bin/../lib/gcc/arm-none-eabi/10.2.0/thumb/v7e-m+fp/hard\libgcc.a
LOAD c:/nxp/s32ds.3.5/s32ds/build_tools/gcc_v10.2/gcc-10.2-arm32-eabi/bin/../lib/gcc/arm-none-eabi/10.2.0/../../../../arm-none-eabi/lib/thumb/v7e-m+fp/hard\libc_nano.a
LOAD c:/nxp/s32ds.3.5/s32ds/build_tools/gcc_v10.2/gcc-10.2-arm32-eabi/bin/../lib/gcc/arm-none-eabi/10.2.0/../../../../arm-none-eabi/lib/thumb/v7e-m+fp/hard\libnosys.a
END GROUP
START GROUP
LOAD c:/nxp/s32ds.3.5/s32ds/build_tools/gcc_v10.2/gcc-10.2-arm32-eabi/bin/../lib/gcc/arm-none-eabi/10.2.0/thumb/v7e-m+fp/hard\libgcc.a
LOAD c:/nxp/s32ds.3.5/s32ds/build_tools/gcc_v10.2/gcc-10.2-arm32-eabi/bin/../lib/gcc/arm-none-eabi/10.2.0/../../../../arm-none-eabi/lib/thumb/v7e-m+fp/hard\libc_nano.a
LOAD c:/nxp/s32ds.3.5/s32ds/build_tools/gcc_v10.2/gcc-10.2-arm32-eabi/bin/../lib/gcc/arm-none-eabi/10.2.0/../../../../arm-none-eabi/lib/thumb/v7e-m+fp/hard\libnosys.a
END GROUP
                0x00001000                HEAP_SIZE = DEFINED (__heap_size__)?__heap_size__:0x1000

.flash          0x00500000     0x89d8
                0x00500000                . = ALIGN (0x800)
                0x00500000                __text_start = .
                0x00500000                __interrupts_init_start = .
 *(.intc_vector)
 .intc_vector   0x00500000      0x408 ./Project_Settings/Startup_Code/Vector_Table.o
                0x00500000                VTABLE
                0x00500408                . = ALIGN (0x4)
                0x00500408                __interrupts_init_end = .
 *(.core_loop)
 .core_loop     0x00500408        0xc ./Project_Settings/Startup_Code/startup_cm7.o
                0x00500408                _core_loop
                0x00500414                . = ALIGN (0x4)
 *(.startup)
 *fill*         0x00500414        0xc 
 .startup       0x00500420      0x190 ./Project_Settings/Startup_Code/startup_cm7.o
                0x00500420                Reset_Handler
                0x00500420                _start
                0x00500540                MCAL_LTB_TRACE_OFF
                0x00500542                _end_of_eunit_test
                0x005005b0                . = ALIGN (0x4)
 *(.text.startup)
 .text.startup  0x005005b0       0x2c ./src/main.o
                0x005005b0                main
                0x005005dc                . = ALIGN (0x4)
 *(.text)
 .text          0x005005dc        0x0 ./Project_Settings/Startup_Code/Vector_Table.o
 .text          0x005005dc        0x0 ./Project_Settings/Startup_Code/exceptions.o
 .text          0x005005dc        0x0 ./Project_Settings/Startup_Code/nvic.o
 .text          0x005005dc        0x0 ./Project_Settings/Startup_Code/startup.o
 .text          0x005005dc        0x0 ./Project_Settings/Startup_Code/startup_cm7.o
 .text          0x005005dc       0x10 ./Project_Settings/Startup_Code/system.o
                0x005005dc                Sys_GetCoreID
 .text          0x005005ec        0x0 ./RTD/src/Clock_Ip.o
 .text          0x005005ec        0x0 ./RTD/src/Clock_Ip_Data.o
 .text          0x005005ec        0x0 ./RTD/src/Clock_Ip_Divider.o
 .text          0x005005ec        0x0 ./RTD/src/Clock_Ip_DividerTrigger.o
 .text          0x005005ec        0x0 ./RTD/src/Clock_Ip_ExtOsc.o
 .text          0x005005ec        0x0 ./RTD/src/Clock_Ip_FracDiv.o
 .text          0x005005ec        0x0 ./RTD/src/Clock_Ip_Frequency.o
 .text          0x005005ec        0x0 ./RTD/src/Clock_Ip_Gate.o
 .text          0x005005ec        0x0 ./RTD/src/Clock_Ip_IntOsc.o
 .text          0x005005ec        0x0 ./RTD/src/Clock_Ip_Irq.o
 .text          0x005005ec        0x0 ./RTD/src/Clock_Ip_Monitor.o
 .text          0x005005ec        0x0 ./RTD/src/Clock_Ip_Pll.o
 .text          0x005005ec        0x0 ./RTD/src/Clock_Ip_ProgFreqSwitch.o
 .text          0x005005ec        0x0 ./RTD/src/Clock_Ip_Selector.o
 .text          0x005005ec        0x0 ./RTD/src/Clock_Ip_Specific.o
 .text          0x005005ec        0x0 ./RTD/src/Det.o
 .text          0x005005ec        0x0 ./RTD/src/Det_stub.o
 .text          0x005005ec        0x0 ./RTD/src/Dio.o
 .text          0x005005ec        0x0 ./RTD/src/Dio_Ipw.o
 .text          0x005005ec        0x0 ./RTD/src/Igf_Port_Ip.o
 .text          0x005005ec        0x0 ./RTD/src/Mcu.o
 .text          0x005005ec        0x0 ./RTD/src/Mcu_Dem_Wrapper.o
 .text          0x005005ec        0x0 ./RTD/src/Mcu_Ipw.o
 .text          0x005005ec        0x0 ./RTD/src/OsIf_Interrupts.o
 .text          0x005005ec        0x0 ./RTD/src/OsIf_Timer.o
 .text          0x005005ec        0x0 ./RTD/src/OsIf_Timer_System.o
 .text          0x005005ec        0x0 ./RTD/src/OsIf_Timer_System_Internal_Systick.o
 .text          0x005005ec        0x0 ./RTD/src/Port.o
 .text          0x005005ec      0x3b0 ./RTD/src/Port_Ipw.o
                0x005005ec                Port_Ipw_Init
                0x0050067c                Port_Ipw_SetPinDirection
                0x00500720                Port_Ipw_SetPinMode
                0x0050092c                Port_Ipw_RefreshPortDirection
 .text          0x0050099c        0x0 ./RTD/src/Power_Ip.o
 .text          0x0050099c        0x0 ./RTD/src/Power_Ip_AEC.o
 .text          0x0050099c        0x0 ./RTD/src/Power_Ip_CortexM7.o
 .text          0x0050099c        0x0 ./RTD/src/Power_Ip_DCM_GPR.o
 .text          0x0050099c        0x0 ./RTD/src/Power_Ip_FLASH.o
 .text          0x0050099c        0x0 ./RTD/src/Power_Ip_MC_ME.o
 .text          0x0050099c        0x0 ./RTD/src/Power_Ip_MC_RGM.o
 .text          0x0050099c        0x0 ./RTD/src/Power_Ip_MC_RGM_Irq.o
 .text          0x0050099c        0x0 ./RTD/src/Power_Ip_PMC.o
 .text          0x0050099c        0x0 ./RTD/src/Power_Ip_PMC_Irq.o
 .text          0x0050099c        0x0 ./RTD/src/Power_Ip_Private.o
 .text          0x0050099c        0x0 ./RTD/src/Ram_Ip.o
 .text          0x0050099c        0x6 ./RTD/src/SchM_Dio.o
                0x0050099c                Dio_schm_read_msr
 .text          0x005009a2        0x6 ./RTD/src/SchM_Mcu.o
                0x005009a2                Mcu_schm_read_msr
 .text          0x005009a8        0x6 ./RTD/src/SchM_Port.o
                0x005009a8                Port_schm_read_msr
 .text          0x005009ae        0x0 ./RTD/src/Siul2_Dio_Ip.o
 .text          0x005009ae       0x14 ./RTD/src/Siul2_Port_Ip.o
 .text          0x005009c2        0x0 ./RTD/src/Tspc_Port_Ip.o
 .text          0x005009c2        0x0 ./board/Siul2_Port_Ip_Cfg.o
 .text          0x005009c2        0x0 ./board/Tspc_Port_Ip_Cfg.o
 .text          0x005009c2        0x0 ./generate/src/Clock_Ip_BOARD_InitPeripherals_PBcfg.o
 .text          0x005009c2        0x0 ./generate/src/Clock_Ip_Cfg.o
 .text          0x005009c2        0x0 ./generate/src/Dio_Cfg.o
 .text          0x005009c2        0x0 ./generate/src/Igf_Port_Ip_BOARD_InitPeripherals_PBcfg.o
 .text          0x005009c2        0x0 ./generate/src/Igf_Port_Ip_Cfg.o
 .text          0x005009c2        0x0 ./generate/src/Mcu_BOARD_InitPeripherals_PBcfg.o
 .text          0x005009c2        0x0 ./generate/src/Mcu_Cfg.o
 .text          0x005009c2        0x0 ./generate/src/OsIf_Cfg.o
 .text          0x005009c2        0x0 ./generate/src/Port_BOARD_InitPeripherals_PBcfg.o
 .text          0x005009c2        0x0 ./generate/src/Port_Cfg.o
 .text          0x005009c2        0x0 ./generate/src/Power_Ip_BOARD_InitPeripherals_PBcfg.o
 .text          0x005009c2        0x0 ./generate/src/Power_Ip_Cfg.o
 .text          0x005009c2        0x0 ./generate/src/Ram_Ip_BOARD_InitPeripherals_PBcfg.o
 .text          0x005009c2        0x0 ./generate/src/Ram_Ip_Cfg.o
 .text          0x005009c2        0x0 ./generate/src/Siul2_Port_Ip_BOARD_InitPeripherals_PBcfg.o
 .text          0x005009c2        0x0 ./generate/src/Tspc_Port_Ip_BOARD_InitPeripherals_PBcfg.o
 .text          0x005009c2        0x0 ./src/main.o
 .text          0x005009c2        0x0 c:/nxp/s32ds.3.5/s32ds/build_tools/gcc_v10.2/gcc-10.2-arm32-eabi/bin/../lib/gcc/arm-none-eabi/10.2.0/../../../../arm-none-eabi/lib/thumb/v7e-m+fp/hard\libc_nano.a(lib_a-memmove.o)
 .text          0x005009c2        0x0 c:/nxp/s32ds.3.5/s32ds/build_tools/gcc_v10.2/gcc-10.2-arm32-eabi/bin/../lib/gcc/arm-none-eabi/10.2.0/../../../../arm-none-eabi/lib/thumb/v7e-m+fp/hard\libc_nano.a(lib_a-memset.o)
 *(.text*)
 .text.memmove  0x005009c2       0x34 c:/nxp/s32ds.3.5/s32ds/build_tools/gcc_v10.2/gcc-10.2-arm32-eabi/bin/../lib/gcc/arm-none-eabi/10.2.0/../../../../arm-none-eabi/lib/thumb/v7e-m+fp/hard\libc_nano.a(lib_a-memmove.o)
                0x005009c2                memmove
 .text.memset   0x005009f6       0x10 c:/nxp/s32ds.3.5/s32ds/build_tools/gcc_v10.2/gcc-10.2-arm32-eabi/bin/../lib/gcc/arm-none-eabi/10.2.0/../../../../arm-none-eabi/lib/thumb/v7e-m+fp/hard\libc_nano.a(lib_a-memset.o)
                0x005009f6                memset
                0x00500a08                . = ALIGN (0x4)
 *fill*         0x00500a06        0x2 
 *(.mcal_text)
 .mcal_text     0x00500a08       0x14 ./Project_Settings/Startup_Code/exceptions.o
                0x00500a08                NMI_Handler
                0x00500a0a                HardFault_Handler
                0x00500a0c                MemManage_Handler
                0x00500a0e                BusFault_Handler
                0x00500a10                UsageFault_Handler
                0x00500a12                SVC_Handler
                0x00500a14                DebugMon_Handler
                0x00500a16                PendSV_Handler
                0x00500a18                SysTick_Handler
                0x00500a1a                undefined_handler
 .mcal_text     0x00500a1c       0x52 ./Project_Settings/Startup_Code/nvic.o
                0x00500a1c                NVIC_SetPriorityGrouping
                0x00500a30                NVIC_EnableIRQ
                0x00500a48                NVIC_DisableIRQ
                0x00500a60                NVIC_SetPriority
 *fill*         0x00500a6e        0x2 
 .mcal_text     0x00500a70       0xe8 ./Project_Settings/Startup_Code/startup.o
                0x00500a70                init_data_bss
                0x00500afc                init_data_bss_core2
 .mcal_text     0x00500b58      0x2ec ./Project_Settings/Startup_Code/system.o
                0x00500b58                startup_go_to_user_mode
                0x00500b5a                default_interrupt_routine
                0x00500b5c                SystemInit
 .mcal_text     0x00500e44      0x88c ./RTD/src/Clock_Ip.o
                0x00500e46                Clock_Ip_InitClock
                0x005013f4                Clock_Ip_GetPllStatus
                0x00501498                Clock_Ip_DistributePll
                0x00501584                Clock_Ip_Init
                0x005015a8                Clock_Ip_DisableClockMonitor
                0x005015cc                Clock_Ip_InstallNotificationsCallback
                0x005015d8                Clock_Ip_DisableModuleClock
                0x00501600                Clock_Ip_EnableModuleClock
                0x00501628                Clock_Ip_DisableFircInStandby
                0x00501640                Clock_Ip_EnableFircInStandby
                0x00501658                Clock_Ip_DisableSircInStandby
                0x00501670                Clock_Ip_EnableSircInStandby
                0x00501688                Clock_Ip_ReportClockErrors
                0x00501694                Clock_Ip_StartTimeout
                0x005016b4                Clock_Ip_TimeoutExpired
 .mcal_text     0x005016d0      0x120 ./RTD/src/Clock_Ip_Divider.o
 .mcal_text     0x005017f0       0x9c ./RTD/src/Clock_Ip_DividerTrigger.o
 .mcal_text     0x0050188c      0x1c4 ./RTD/src/Clock_Ip_ExtOsc.o
 .mcal_text     0x00501a50        0x6 ./RTD/src/Clock_Ip_FracDiv.o
 .mcal_text     0x00501a56        0x2 ./RTD/src/Clock_Ip_Frequency.o
                0x00501a56                Clock_Ip_SetExternalSignalFrequency
 .mcal_text     0x00501a58      0x128 ./RTD/src/Clock_Ip_Gate.o
 .mcal_text     0x00501b80      0x104 ./RTD/src/Clock_Ip_IntOsc.o
 .mcal_text     0x00501c84        0x4 ./RTD/src/Clock_Ip_Irq.o
                0x00501c84                Mcu_Cmu_ClockFail_IRQHandler
 .mcal_text     0x00501c88      0x204 ./RTD/src/Clock_Ip_Monitor.o
                0x00501e34                Clock_Ip_CMU_GetInterruptStatus
                0x00501e48                Clock_Ip_CMU_ClockFailInt
 .mcal_text     0x00501e8c      0x17c ./RTD/src/Clock_Ip_Pll.o
 .mcal_text     0x00502008      0x154 ./RTD/src/Clock_Ip_ProgFreqSwitch.o
 .mcal_text     0x0050215c      0x3dc ./RTD/src/Clock_Ip_Selector.o
                0x0050250c                Clock_Ip_SetRtcRtccClksel_TrustedCall
 .mcal_text     0x00502538      0x2c8 ./RTD/src/Clock_Ip_Specific.o
                0x00502538                Clock_Ip_McMeEnterKey
                0x0050254c                Clock_Ip_PowerClockIpModules
                0x0050274c                DisableFircInStandbyMode
                0x0050275c                EnableFircInStandbyMode
                0x00502778                DisableSircInStandbyMode
                0x00502788                EnableSircInStandbyMode
                0x005027a4                Clock_Ip_Command
                0x005027f4                Clock_Ip_FLASH_SetFlashIWS
                0x005027f8                Clock_Ip_SetFlashWaitStates
                0x005027fc                Clock_Ip_SetRamWaitStates
 .mcal_text     0x00502800       0xa4 ./RTD/src/Det.o
                0x00502800                Det_Init
                0x00502802                Det_ReportError
                0x00502838                Det_ReportRuntimeError
                0x0050286c                Det_ReportTransientFault
                0x005028a0                Det_Start
 .mcal_text     0x005028a4      0x21c ./RTD/src/Det_stub.o
                0x005028a4                Det_TestLastReportError
                0x0050290c                Det_TestLastReportRuntimeError
                0x00502974                Det_TestLastReportTransientFault
                0x005029dc                Det_TestNoError
                0x00502a28                Det_TestNoRuntimeError
                0x00502a74                Det_TestNoTransientFault
 .mcal_text     0x00502ac0       0x18 ./RTD/src/Dio.o
                0x00502ac0                Dio_ReadChannel
                0x00502ac4                Dio_WriteChannel
                0x00502ac8                Dio_ReadPort
                0x00502acc                Dio_WritePort
                0x00502ad0                Dio_ReadChannelGroup
                0x00502ad4                Dio_WriteChannelGroup
 .mcal_text     0x00502ad8      0x178 ./RTD/src/Dio_Ipw.o
                0x00502ad8                Dio_Ipw_ReadChannel
                0x00502b10                Dio_Ipw_WriteChannel
                0x00502b44                Dio_Ipw_ReadPort
                0x00502b78                Dio_Ipw_WritePort
                0x00502bac                Dio_Ipw_ReadChannelGroup
                0x00502c14                Dio_Ipw_WriteChannelGroup
 .mcal_text     0x00502c50       0xc4 ./RTD/src/Mcu.o
                0x00502c50                Mcu_Init
                0x00502ca0                Mcu_InitRamSection
                0x00502ca4                Mcu_InitClock
                0x00502cc8                Mcu_SetMode
                0x00502cf4                Mcu_DistributePllClock
                0x00502cfe                Mcu_GetPllStatus
                0x00502d02                Mcu_GetResetReason
                0x00502d06                Mcu_GetResetRawValue
                0x00502d0a                Mcu_DisableCmu
                0x00502d0e                Mcu_SleepOnExit
                0x00502d12                Mcu_ClkSrcFailureNotification
 .mcal_text     0x00502d14       0x58 ./RTD/src/Mcu_Ipw.o
                0x00502d14                Mcu_Ipw_ClockNotificationsCallback
                0x00502d1e                Mcu_Ipw_Init
                0x00502d38                Mcu_Ipw_InitClock
                0x00502d3c                Mcu_Ipw_DistributePllClock
                0x00502d40                Mcu_Ipw_GetPllStatus
                0x00502d50                Mcu_Ipw_SetMode
                0x00502d54                Mcu_Ipw_GetResetReason
                0x00502d58                Mcu_Ipw_GetResetRawValue
                0x00502d5c                Mcu_Ipw_DisableCmu
                0x00502d60                Mcu_Ipw_SleepOnExit
 .mcal_text     0x00502d6c       0x1e ./RTD/src/OsIf_Timer.o
                0x00502d6c                OsIf_Init
                0x00502d74                OsIf_GetCounter
                0x00502d78                OsIf_GetElapsed
                0x00502d80                OsIf_SetTimerFrequency
                0x00502d82                OsIf_MicrosToTicks
 .mcal_text     0x00502d8a       0x42 ./RTD/src/OsIf_Timer_System_Internal_Systick.o
                0x00502d8a                OsIf_Timer_System_Internal_Init
                0x00502da0                OsIf_Timer_System_Internal_GetCounter
                0x00502dac                OsIf_Timer_System_Internal_GetElapsed
 .mcal_text     0x00502dcc       0xe0 ./RTD/src/Port.o
                0x00502dcc                Port_Init
                0x00502e04                Port_SetPinDirection
                0x00502e34                Port_SetPinMode
                0x00502e60                Port_RefreshPortDirection
                0x00502e8c                Port_GetVersionInfo
 .mcal_text     0x00502eac       0x74 ./RTD/src/Port_Ipw.o
                0x00502eac                Port_Ipw_SetGpioDirChangeability
                0x00502ef4                Port_Ipw_SetGpioPadOutput
 .mcal_text     0x00502f20       0xec ./RTD/src/Power_Ip.o
                0x00502f54                Power_Ip_SetMode
                0x00502fbc                Power_Ip_GetPreviousMode
                0x00502fc0                Power_Ip_GetResetReason
                0x00502fdc                Power_Ip_GetResetRawValue
                0x00502fe0                Power_Ip_Init
                0x00502ffa                Power_Ip_InstallNotificationsCallback
                0x00503004                Power_Ip_EnableSleepOnExit
                0x00503008                Power_Ip_DisableSleepOnExit
 .mcal_text     0x0050300c       0x48 ./RTD/src/Power_Ip_CortexM7.o
                0x0050300c                Power_Ip_CM7_DisableSleepOnExit
                0x0050301e                Power_Ip_CM7_EnableSleepOnExit
                0x00503030                Power_Ip_CM7_DisableDeepSleep
                0x00503042                Power_Ip_CM7_EnableDeepSleep
 .mcal_text     0x00503054       0x4c ./RTD/src/Power_Ip_DCM_GPR.o
                0x00503054                Power_Ip_DCM_GPR_Config
                0x00503084                Power_Ip_DCM_GPR_GlobalPadkeepingConfig
 .mcal_text     0x005030a0       0x10 ./RTD/src/Power_Ip_FLASH.o
                0x005030a0                Power_Ip_FLASH_HighVoltageOperationOngoing
 .mcal_text     0x005030b0      0x2dc ./RTD/src/Power_Ip_MC_ME.o
                0x00503136                Power_Ip_MC_ME_ConfigCoreCOFBClock
                0x005032c0                Power_Ip_MC_ME_EnablePartitionClock
                0x005032ea                Power_Ip_MC_ME_DisablePartitionClock
                0x00503314                Power_Ip_MC_ME_SocTriggerResetEvent
                0x00503330                Power_Ip_MC_ME_CoreStandbyEntry
                0x00503346                Power_Ip_MC_ME_SocStandbyEntry
                0x00503378                Power_Ip_MC_ME_GetPreviousMode
 .mcal_text     0x0050338c      0x244 ./RTD/src/Power_Ip_MC_RGM.o
                0x0050341c                Power_Ip_MC_RGM_ResetInit
                0x0050344c                Power_Ip_MC_RGM_GetResetReason
                0x005034fc                Power_Ip_MC_RGM_GetResetRawValue
                0x005035ac                Power_Ip_MC_RGM_ResetDuringStandby
 .mcal_text     0x005035d0       0xd8 ./RTD/src/Power_Ip_PMC.o
                0x005035d0                Power_Ip_PMC_PowerInit
                0x00503678                Power_Ip_PMC_PrepareLowPowerEntry
 .mcal_text     0x005036a8       0x4c ./RTD/src/Power_Ip_Private.o
                0x005036a8                Power_Ip_ReportPowerErrors
                0x005036b4                Power_Ip_ReportPowerErrorsEmptyCallback
                0x005036b6                Power_Ip_StartTimeout
                0x005036d6                Power_Ip_TimeoutExpired
 .mcal_text     0x005036f4       0xe4 ./RTD/src/Ram_Ip.o
                0x005036f4                Ram_Ip_InitRamSection
 .mcal_text     0x005037d8       0xc8 ./RTD/src/SchM_Dio.o
                0x005037d8                SchM_Enter_Dio_DIO_EXCLUSIVE_AREA_00
                0x0050380c                SchM_Exit_Dio_DIO_EXCLUSIVE_AREA_00
                0x0050383c                SchM_Enter_Dio_DIO_EXCLUSIVE_AREA_01
                0x00503870                SchM_Exit_Dio_DIO_EXCLUSIVE_AREA_01
 .mcal_text     0x005038a0      0x12c ./RTD/src/SchM_Mcu.o
                0x005038a0                SchM_Enter_Mcu_MCU_EXCLUSIVE_AREA_00
                0x005038d4                SchM_Exit_Mcu_MCU_EXCLUSIVE_AREA_00
                0x00503904                SchM_Enter_Mcu_MCU_EXCLUSIVE_AREA_01
                0x00503938                SchM_Exit_Mcu_MCU_EXCLUSIVE_AREA_01
                0x00503968                SchM_Enter_Mcu_MCU_EXCLUSIVE_AREA_02
                0x0050399c                SchM_Exit_Mcu_MCU_EXCLUSIVE_AREA_02
 .mcal_text     0x005039cc      0xaf0 ./RTD/src/SchM_Port.o
                0x005039cc                SchM_Enter_Port_PORT_EXCLUSIVE_AREA_00
                0x00503a00                SchM_Exit_Port_PORT_EXCLUSIVE_AREA_00
                0x00503a30                SchM_Enter_Port_PORT_EXCLUSIVE_AREA_01
                0x00503a64                SchM_Exit_Port_PORT_EXCLUSIVE_AREA_01
                0x00503a94                SchM_Enter_Port_PORT_EXCLUSIVE_AREA_02
                0x00503ac8                SchM_Exit_Port_PORT_EXCLUSIVE_AREA_02
                0x00503af8                SchM_Enter_Port_PORT_EXCLUSIVE_AREA_03
                0x00503b2c                SchM_Exit_Port_PORT_EXCLUSIVE_AREA_03
                0x00503b5c                SchM_Enter_Port_PORT_EXCLUSIVE_AREA_04
                0x00503b90                SchM_Exit_Port_PORT_EXCLUSIVE_AREA_04
                0x00503bc0                SchM_Enter_Port_PORT_EXCLUSIVE_AREA_05
                0x00503bf4                SchM_Exit_Port_PORT_EXCLUSIVE_AREA_05
                0x00503c24                SchM_Enter_Port_PORT_EXCLUSIVE_AREA_06
                0x00503c58                SchM_Exit_Port_PORT_EXCLUSIVE_AREA_06
                0x00503c88                SchM_Enter_Port_PORT_EXCLUSIVE_AREA_07
                0x00503cbc                SchM_Exit_Port_PORT_EXCLUSIVE_AREA_07
                0x00503cec                SchM_Enter_Port_PORT_EXCLUSIVE_AREA_08
                0x00503d20                SchM_Exit_Port_PORT_EXCLUSIVE_AREA_08
                0x00503d50                SchM_Enter_Port_PORT_EXCLUSIVE_AREA_09
                0x00503d84                SchM_Exit_Port_PORT_EXCLUSIVE_AREA_09
                0x00503db4                SchM_Enter_Port_PORT_EXCLUSIVE_AREA_10
                0x00503de8                SchM_Exit_Port_PORT_EXCLUSIVE_AREA_10
                0x00503e18                SchM_Enter_Port_PORT_EXCLUSIVE_AREA_11
                0x00503e4c                SchM_Exit_Port_PORT_EXCLUSIVE_AREA_11
                0x00503e7c                SchM_Enter_Port_PORT_EXCLUSIVE_AREA_12
                0x00503eb0                SchM_Exit_Port_PORT_EXCLUSIVE_AREA_12
                0x00503ee0                SchM_Enter_Port_PORT_EXCLUSIVE_AREA_13
                0x00503f14                SchM_Exit_Port_PORT_EXCLUSIVE_AREA_13
                0x00503f44                SchM_Enter_Port_PORT_EXCLUSIVE_AREA_14
                0x00503f78                SchM_Exit_Port_PORT_EXCLUSIVE_AREA_14
                0x00503fa8                SchM_Enter_Port_PORT_EXCLUSIVE_AREA_15
                0x00503fdc                SchM_Exit_Port_PORT_EXCLUSIVE_AREA_15
                0x0050400c                SchM_Enter_Port_PORT_EXCLUSIVE_AREA_16
                0x00504040                SchM_Exit_Port_PORT_EXCLUSIVE_AREA_16
                0x00504070                SchM_Enter_Port_PORT_EXCLUSIVE_AREA_17
                0x005040a4                SchM_Exit_Port_PORT_EXCLUSIVE_AREA_17
                0x005040d4                SchM_Enter_Port_PORT_EXCLUSIVE_AREA_18
                0x00504108                SchM_Exit_Port_PORT_EXCLUSIVE_AREA_18
                0x00504138                SchM_Enter_Port_PORT_EXCLUSIVE_AREA_19
                0x0050416c                SchM_Exit_Port_PORT_EXCLUSIVE_AREA_19
                0x0050419c                SchM_Enter_Port_PORT_EXCLUSIVE_AREA_20
                0x005041d0                SchM_Exit_Port_PORT_EXCLUSIVE_AREA_20
                0x00504200                SchM_Enter_Port_PORT_EXCLUSIVE_AREA_21
                0x00504234                SchM_Exit_Port_PORT_EXCLUSIVE_AREA_21
                0x00504264                SchM_Enter_Port_PORT_EXCLUSIVE_AREA_22
                0x00504298                SchM_Exit_Port_PORT_EXCLUSIVE_AREA_22
                0x005042c8                SchM_Enter_Port_PORT_EXCLUSIVE_AREA_23
                0x005042fc                SchM_Exit_Port_PORT_EXCLUSIVE_AREA_23
                0x0050432c                SchM_Enter_Port_PORT_EXCLUSIVE_AREA_24
                0x00504360                SchM_Exit_Port_PORT_EXCLUSIVE_AREA_24
                0x00504390                SchM_Enter_Port_PORT_EXCLUSIVE_AREA_25
                0x005043c4                SchM_Exit_Port_PORT_EXCLUSIVE_AREA_25
                0x005043f4                SchM_Enter_Port_PORT_EXCLUSIVE_AREA_26
                0x00504428                SchM_Exit_Port_PORT_EXCLUSIVE_AREA_26
                0x00504458                SchM_Enter_Port_PORT_EXCLUSIVE_AREA_27
                0x0050448c                SchM_Exit_Port_PORT_EXCLUSIVE_AREA_27
 .mcal_text     0x005044bc      0x108 ./RTD/src/Siul2_Dio_Ip.o
                0x005044f2                Siul2_Dio_Ip_WritePin
                0x00504522                Siul2_Dio_Ip_WritePins
                0x00504530                Siul2_Dio_Ip_GetPinsOutput
                0x00504536                Siul2_Dio_Ip_SetPins
                0x0050454a                Siul2_Dio_Ip_ClearPins
                0x00504560                Siul2_Dio_Ip_TogglePins
                0x00504574                Siul2_Dio_Ip_ReadPins
                0x0050457c                Siul2_Dio_Ip_ReadPin
                0x00504596                Siul2_Dio_Ip_MaskedWritePins
 .mcal_text     0x005045c4      0x458 ./RTD/src/Siul2_Port_Ip.o
                0x00504718                Siul2_Port_Ip_Init
                0x00504748                Siul2_Port_Ip_SetPullSel
                0x005047a4                Siul2_Port_Ip_SetOutputBuffer
                0x0050480a                Siul2_Port_Ip_SetInputBuffer
                0x0050487a                Siul2_Port_Ip_SetPinDirection
                0x005048f2                Siul2_Port_Ip_RevertPinConfiguration
                0x00504954                Siul2_Port_Ip_GetPinConfiguration
 .mcal_text     0x00504a1c       0xd0 ./RTD/src/Tspc_Port_Ip.o
                0x00504a1c                Tspc_Port_Ip_EnableObeGroup
                0x00504a4c                Tspc_Port_Ip_ConfigureObeGroup
                0x00504aec                . = ALIGN (0x4)
 *(.acmcu_code_rom)
                0x00504aec                . = ALIGN (0x4)
                0x00504aec                __acfls_code_rom_start = .
 *(.acfls_code_rom)
 .acfls_code_rom
                0x00504aec       0x40 ./RTD/src/Clock_Ip_Specific.o
                0x00504aec                Clock_Ip_PRAMCSetRamIWS
 *fill*         0x00504b2c        0x4 
 .acfls_code_rom.__stub
                0x00504b30        0x8 linker stubs
                0x00504b38                . = ALIGN (0x4)
                0x00504b38                __acfls_code_rom_end = .
 *(.init)
                0x00504b38                . = ALIGN (0x4)
 *(.fini)
                0x00504b38                . = ALIGN (0x4)
 *(.rodata)
 .rodata        0x00504b38        0x3 ./RTD/src/Clock_Ip_IntOsc.o
 *fill*         0x00504b3b        0x1 
 .rodata        0x00504b3c        0x4 ./RTD/src/Siul2_Port_Ip.o
                0x00504b3c                Port_au32Siul2BaseAddr
 *(.rodata*)
                0x00504b40                . = ALIGN (0x4)
 *(.mcal_const_cfg)
 .mcal_const_cfg
                0x00504b40      0x548 ./generate/src/Clock_Ip_BOARD_InitPeripherals_PBcfg.o
                0x00504b40                Mcu_aClockConfigPB_BOARD_InitPeripherals
 .mcal_const_cfg
                0x00505088       0x10 ./generate/src/Dio_Cfg.o
                0x00505088                Dio_Config
 .mcal_const_cfg
                0x00505098       0x1c ./generate/src/Mcu_BOARD_InitPeripherals_PBcfg.o
                0x00505098                Mcu_Config_BOARD_InitPeripherals
 .mcal_const_cfg
                0x005050b4      0x591 ./generate/src/Port_BOARD_InitPeripherals_PBcfg.o
                0x005050b4                Port_Config
                0x00505644                au8Port_PartitionList_BOARD_InitPeripherals
 *fill*         0x00505645        0x3 
 .mcal_const_cfg
                0x00505648      0x104 ./generate/src/Power_Ip_BOARD_InitPeripherals_PBcfg.o
                0x00505648                Power_Ip_HwIPsConfigPB_BOARD_InitPeripherals
                0x00505660                Power_Ip_aModeConfigPB_BOARD_InitPeripherals
 .mcal_const_cfg
                0x0050574c      0x178 ./generate/src/Siul2_Port_Ip_BOARD_InitPeripherals_PBcfg.o
                0x0050574c                g_pin_mux_InitConfigArr_BOARD_InitPeripherals
 .mcal_const_cfg
                0x005058c4       0x10 ./generate/src/Tspc_Port_Ip_BOARD_InitPeripherals_PBcfg.o
                0x005058c4                aTspc_InitConfigArr_BOARD_InitPeripherals
                0x005058d4                . = ALIGN (0x4)
 *(.mcal_const)
 .mcal_const    0x005058d4     0x1012 ./RTD/src/Clock_Ip_Data.o
                0x005058d4                Clock_Ip_axGateInfo
                0x00505fac                Clock_Ip_axFeatureExtensions
                0x005061cc                Clock_Ip_aeHwDfsName
                0x005061d0                Clock_Ip_aeHwPllName
                0x005061d4                Clock_Ip_aeSourceTypeClockName
                0x0050622c                Clock_Ip_apxMcMeTriggerPartitions
                0x0050623c                Clock_Ip_apxMcMeGetPartitions
                0x0050624c                Clock_Ip_apxMcMeSetPartitions
                0x0050625c                Clock_Ip_axCmuInfo
                0x005062cc                Clock_Ip_aeCmuNames
                0x005062e8                Clock_Ip_apxCmu
                0x00506304                Clock_Ip_apxPll
                0x00506314                Clock_Ip_apxXosc
                0x0050631c                Clock_Ip_apxCgmPcfs
                0x00506320                Clock_Ip_apxCgm
                0x00506370                Clock_Ip_au16SelectorEntryRtcHardwareValue
                0x0050639c                Clock_Ip_au16SelectorEntryHardwareValue
                0x005063c8                Clock_Ip_au8SoftwareMuxResetValue
                0x00506442                Clock_Ip_au8ClockFeatures
                0x0050688c                Clock_Ip_au8CmuCallbackIndex
                0x00506895                Clock_Ip_au8PcfsCallbackIndex
                0x0050689e                Clock_Ip_au8SelectorCallbackIndex
                0x005068a7                Clock_Ip_au8PllCallbackIndex
                0x005068b0                Clock_Ip_au8FractionalDividerCallbackIndex
                0x005068b9                Clock_Ip_au8GateCallbackIndex
                0x005068c2                Clock_Ip_au8IrcoscCallbackIndex
                0x005068cb                Clock_Ip_au8XoscCallbackIndex
                0x005068d4                Clock_Ip_au8DividerTriggerCallbackIndex
                0x005068dd                Clock_Ip_au8DividerCallbackIndex
 *fill*         0x005068e6        0x2 
 .mcal_const    0x005068e8       0x10 ./RTD/src/Clock_Ip_Divider.o
                0x005068e8                Clock_Ip_axDividerCallbacks
 .mcal_const    0x005068f8       0x10 ./RTD/src/Clock_Ip_DividerTrigger.o
                0x005068f8                Clock_Ip_axDividerTriggerCallbacks
 .mcal_const    0x00506908       0x3c ./RTD/src/Clock_Ip_ExtOsc.o
                0x00506908                Clock_Ip_axExtOscCallbacks
 .mcal_const    0x00506944        0xc ./RTD/src/Clock_Ip_FracDiv.o
                0x00506944                Clock_Ip_axFracDivCallbacks
 .mcal_const    0x00506950       0x10 ./RTD/src/Clock_Ip_Gate.o
                0x00506950                Clock_Ip_axGateCallbacks
 .mcal_const    0x00506960       0x30 ./RTD/src/Clock_Ip_IntOsc.o
                0x00506960                Clock_Ip_axIntOscCallbacks
 .mcal_const    0x00506990       0x20 ./RTD/src/Clock_Ip_Monitor.o
                0x00506990                Clock_Ip_axCmuCallbacks
 .mcal_const    0x005069b0       0x28 ./RTD/src/Clock_Ip_Pll.o
                0x005069b0                Clock_Ip_axPllCallbacks
 .mcal_const    0x005069d8        0x8 ./RTD/src/Clock_Ip_ProgFreqSwitch.o
                0x005069d8                Clock_Ip_axPcfsCallbacks
 .mcal_const    0x005069e0       0x28 ./RTD/src/Clock_Ip_Selector.o
                0x005069e0                Clock_Ip_axSelectorCallbacks
 .mcal_const    0x00506a08      0x2db ./generate/src/Dio_Cfg.o
                0x00506a08                Dio_aAvailablePinsForRead
                0x00506a1c                Dio_aAvailablePinsForWrite
                0x00506a30                Dio_au32PortToPartitionMap
                0x00506a58                Dio_au32ChannelToPartitionMap
                0x00506cd8                Dio_au8Port0OffsetInSiul2Instance
                0x00506cd9                Dio_au8PortSiul2Instance
 *fill*         0x00506ce3        0x1 
 .mcal_const    0x00506ce4     0x1c8c ./generate/src/Port_Cfg.o
                0x00506ce4                Port_apInoutMuxSettings
                0x00506ce8                Port_apInMuxSettingsIndex
                0x00506cec                Port_apInMuxSettings
                0x00506cf0                Port_apSiul2InstancePinModeAvailability
                0x00506cf4                Port_au16NumInoutMuxSettings
                0x00508970                . = ALIGN (0x4)
                0x00508970                __init_table = .
 *(.init_table)
 .init_table    0x00508970       0x4c ./Project_Settings/Startup_Code/startup_cm7.o
                0x005089bc                . = ALIGN (0x4)
                0x005089bc                __zero_table = .
 *(.zero_table)
 .zero_table    0x005089bc       0x1c ./Project_Settings/Startup_Code/startup_cm7.o

.glue_7         0x005089d8        0x0
 .glue_7        0x005089d8        0x0 linker stubs

.glue_7t        0x005089d8        0x0
 .glue_7t       0x005089d8        0x0 linker stubs

.vfp11_veneer   0x005089d8        0x0
 .vfp11_veneer  0x005089d8        0x0 linker stubs

.v4_bx          0x005089d8        0x0
 .v4_bx         0x005089d8        0x0 linker stubs

.iplt           0x005089d8        0x0
 .iplt          0x005089d8        0x0 ./Project_Settings/Startup_Code/Vector_Table.o

.rel.dyn        0x005089d8        0x0
 .rel.iplt      0x005089d8        0x0 ./Project_Settings/Startup_Code/Vector_Table.o
                0x005089d8                . = ALIGN (0x4)
                0x005089d8                __text_end = .
                0x005089d8                __sram_data_rom = __text_end

.sram_data      0x20406000       0x9c load address 0x005089d8
                0x20406000                . = ALIGN (0x4)
                0x20406000                __sram_data_begin__ = .
                0x20406000                . = ALIGN (0x4)
 *(.ramcode)
 .ramcode       0x20406000       0x90 ./RTD/src/Clock_Ip_Specific.o
                0x20406090                . = ALIGN (0x4)
 *(.data)
 .data          0x20406090        0x0 ./Project_Settings/Startup_Code/Vector_Table.o
 .data          0x20406090        0x0 ./Project_Settings/Startup_Code/exceptions.o
 .data          0x20406090        0x0 ./Project_Settings/Startup_Code/nvic.o
 .data          0x20406090        0x0 ./Project_Settings/Startup_Code/startup.o
 .data          0x20406090        0x0 ./Project_Settings/Startup_Code/startup_cm7.o
 .data          0x20406090        0x0 ./Project_Settings/Startup_Code/system.o
 .data          0x20406090        0x4 ./RTD/src/Clock_Ip.o
 .data          0x20406094        0x0 ./RTD/src/Clock_Ip_Data.o
 .data          0x20406094        0x0 ./RTD/src/Clock_Ip_Divider.o
 .data          0x20406094        0x0 ./RTD/src/Clock_Ip_DividerTrigger.o
 .data          0x20406094        0x0 ./RTD/src/Clock_Ip_ExtOsc.o
 .data          0x20406094        0x0 ./RTD/src/Clock_Ip_FracDiv.o
 .data          0x20406094        0x0 ./RTD/src/Clock_Ip_Frequency.o
 .data          0x20406094        0x0 ./RTD/src/Clock_Ip_Gate.o
 .data          0x20406094        0x0 ./RTD/src/Clock_Ip_IntOsc.o
 .data          0x20406094        0x0 ./RTD/src/Clock_Ip_Irq.o
 .data          0x20406094        0x0 ./RTD/src/Clock_Ip_Monitor.o
 .data          0x20406094        0x0 ./RTD/src/Clock_Ip_Pll.o
 .data          0x20406094        0x0 ./RTD/src/Clock_Ip_ProgFreqSwitch.o
 .data          0x20406094        0x0 ./RTD/src/Clock_Ip_Selector.o
 .data          0x20406094        0x0 ./RTD/src/Clock_Ip_Specific.o
 .data          0x20406094        0x0 ./RTD/src/Det.o
 .data          0x20406094        0x0 ./RTD/src/Det_stub.o
 .data          0x20406094        0x0 ./RTD/src/Dio.o
 .data          0x20406094        0x0 ./RTD/src/Dio_Ipw.o
 .data          0x20406094        0x0 ./RTD/src/Igf_Port_Ip.o
 .data          0x20406094        0x0 ./RTD/src/Mcu.o
 .data          0x20406094        0x0 ./RTD/src/Mcu_Dem_Wrapper.o
 .data          0x20406094        0x0 ./RTD/src/Mcu_Ipw.o
 .data          0x20406094        0x0 ./RTD/src/OsIf_Interrupts.o
 .data          0x20406094        0x0 ./RTD/src/OsIf_Timer.o
 .data          0x20406094        0x0 ./RTD/src/OsIf_Timer_System.o
 .data          0x20406094        0x0 ./RTD/src/OsIf_Timer_System_Internal_Systick.o
 .data          0x20406094        0x0 ./RTD/src/Port.o
 .data          0x20406094        0x0 ./RTD/src/Port_Ipw.o
 .data          0x20406094        0x0 ./RTD/src/Power_Ip.o
 .data          0x20406094        0x0 ./RTD/src/Power_Ip_AEC.o
 .data          0x20406094        0x0 ./RTD/src/Power_Ip_CortexM7.o
 .data          0x20406094        0x0 ./RTD/src/Power_Ip_DCM_GPR.o
 .data          0x20406094        0x0 ./RTD/src/Power_Ip_FLASH.o
 .data          0x20406094        0x0 ./RTD/src/Power_Ip_MC_ME.o
 .data          0x20406094        0x0 ./RTD/src/Power_Ip_MC_RGM.o
 .data          0x20406094        0x0 ./RTD/src/Power_Ip_MC_RGM_Irq.o
 .data          0x20406094        0x0 ./RTD/src/Power_Ip_PMC.o
 .data          0x20406094        0x0 ./RTD/src/Power_Ip_PMC_Irq.o
 .data          0x20406094        0x0 ./RTD/src/Power_Ip_Private.o
 .data          0x20406094        0x0 ./RTD/src/Ram_Ip.o
 .data          0x20406094        0x0 ./RTD/src/SchM_Dio.o
 .data          0x20406094        0x0 ./RTD/src/SchM_Mcu.o
 .data          0x20406094        0x0 ./RTD/src/SchM_Port.o
 .data          0x20406094        0x0 ./RTD/src/Siul2_Dio_Ip.o
 .data          0x20406094        0x0 ./RTD/src/Siul2_Port_Ip.o
 .data          0x20406094        0x0 ./RTD/src/Tspc_Port_Ip.o
 .data          0x20406094        0x0 ./board/Siul2_Port_Ip_Cfg.o
 .data          0x20406094        0x0 ./board/Tspc_Port_Ip_Cfg.o
 .data          0x20406094        0x0 ./generate/src/Clock_Ip_BOARD_InitPeripherals_PBcfg.o
 .data          0x20406094        0x0 ./generate/src/Clock_Ip_Cfg.o
 .data          0x20406094        0x0 ./generate/src/Dio_Cfg.o
 .data          0x20406094        0x0 ./generate/src/Igf_Port_Ip_BOARD_InitPeripherals_PBcfg.o
 .data          0x20406094        0x0 ./generate/src/Igf_Port_Ip_Cfg.o
 .data          0x20406094        0x0 ./generate/src/Mcu_BOARD_InitPeripherals_PBcfg.o
 .data          0x20406094        0x0 ./generate/src/Mcu_Cfg.o
 .data          0x20406094        0x0 ./generate/src/OsIf_Cfg.o
 .data          0x20406094        0x0 ./generate/src/Port_BOARD_InitPeripherals_PBcfg.o
 .data          0x20406094        0x0 ./generate/src/Port_Cfg.o
 .data          0x20406094        0x0 ./generate/src/Power_Ip_BOARD_InitPeripherals_PBcfg.o
 .data          0x20406094        0x0 ./generate/src/Power_Ip_Cfg.o
 .data          0x20406094        0x0 ./generate/src/Ram_Ip_BOARD_InitPeripherals_PBcfg.o
 .data          0x20406094        0x0 ./generate/src/Ram_Ip_Cfg.o
 .data          0x20406094        0x0 ./generate/src/Siul2_Port_Ip_BOARD_InitPeripherals_PBcfg.o
 .data          0x20406094        0x0 ./generate/src/Tspc_Port_Ip_BOARD_InitPeripherals_PBcfg.o
 .data          0x20406094        0x0 ./src/main.o
 .data          0x20406094        0x0 c:/nxp/s32ds.3.5/s32ds/build_tools/gcc_v10.2/gcc-10.2-arm32-eabi/bin/../lib/gcc/arm-none-eabi/10.2.0/../../../../arm-none-eabi/lib/thumb/v7e-m+fp/hard\libc_nano.a(lib_a-memmove.o)
 .data          0x20406094        0x0 c:/nxp/s32ds.3.5/s32ds/build_tools/gcc_v10.2/gcc-10.2-arm32-eabi/bin/../lib/gcc/arm-none-eabi/10.2.0/../../../../arm-none-eabi/lib/thumb/v7e-m+fp/hard\libc_nano.a(lib_a-memset.o)
 *(.data*)
                0x20406094                . = ALIGN (0x4)
 *(.mcal_data)
 .mcal_data     0x20406094        0x4 ./RTD/src/Power_Ip.o
                0x20406094                Power_Ip_pfReportErrorsCallback
 .mcal_data     0x20406098        0x4 ./RTD/src/Siul2_Dio_Ip.o
                0x20406098                Siul2_Dio_Ip_au32BaseAdresses
                0x2040609c                . = ALIGN (0x4)
                0x2040609c                __sram_data_end__ = .
                0x00508a74                __sram_data_rom_end = (__sram_data_rom + (__sram_data_end__ - __sram_data_begin__))

.sram_bss       0x2040609c      0x150 load address 0x00508a74
                0x204060a0                . = ALIGN (0x10)
 *fill*         0x2040609c        0x4 
                0x204060a0                __sram_bss_start = .
 *(.bss)
 .bss           0x204060a0        0x0 ./Project_Settings/Startup_Code/Vector_Table.o
 .bss           0x204060a0        0x0 ./Project_Settings/Startup_Code/exceptions.o
 .bss           0x204060a0        0x0 ./Project_Settings/Startup_Code/nvic.o
 .bss           0x204060a0        0x0 ./Project_Settings/Startup_Code/startup.o
 .bss           0x204060a0        0x0 ./Project_Settings/Startup_Code/startup_cm7.o
 .bss           0x204060a0       0x78 ./Project_Settings/Startup_Code/system.o
                0x204060a0                rbar
                0x204060dc                rasr
 .bss           0x20406118        0x0 ./RTD/src/Clock_Ip.o
 .bss           0x20406118        0x0 ./RTD/src/Clock_Ip_Data.o
 .bss           0x20406118        0x0 ./RTD/src/Clock_Ip_Divider.o
 .bss           0x20406118        0x0 ./RTD/src/Clock_Ip_DividerTrigger.o
 .bss           0x20406118        0x0 ./RTD/src/Clock_Ip_ExtOsc.o
 .bss           0x20406118        0x0 ./RTD/src/Clock_Ip_FracDiv.o
 .bss           0x20406118        0x0 ./RTD/src/Clock_Ip_Frequency.o
 .bss           0x20406118        0x0 ./RTD/src/Clock_Ip_Gate.o
 .bss           0x20406118        0x0 ./RTD/src/Clock_Ip_IntOsc.o
 .bss           0x20406118        0x0 ./RTD/src/Clock_Ip_Irq.o
 .bss           0x20406118        0x0 ./RTD/src/Clock_Ip_Monitor.o
 .bss           0x20406118        0x0 ./RTD/src/Clock_Ip_Pll.o
 .bss           0x20406118        0x0 ./RTD/src/Clock_Ip_ProgFreqSwitch.o
 .bss           0x20406118        0x0 ./RTD/src/Clock_Ip_Selector.o
 .bss           0x20406118        0x0 ./RTD/src/Clock_Ip_Specific.o
 .bss           0x20406118        0x0 ./RTD/src/Det.o
 .bss           0x20406118        0x0 ./RTD/src/Det_stub.o
 .bss           0x20406118        0x0 ./RTD/src/Dio.o
 .bss           0x20406118        0x0 ./RTD/src/Dio_Ipw.o
 .bss           0x20406118        0x0 ./RTD/src/Igf_Port_Ip.o
 .bss           0x20406118        0x0 ./RTD/src/Mcu.o
 .bss           0x20406118        0x0 ./RTD/src/Mcu_Dem_Wrapper.o
 .bss           0x20406118        0x0 ./RTD/src/Mcu_Ipw.o
 .bss           0x20406118        0x0 ./RTD/src/OsIf_Interrupts.o
 .bss           0x20406118        0x0 ./RTD/src/OsIf_Timer.o
 .bss           0x20406118        0x0 ./RTD/src/OsIf_Timer_System.o
 .bss           0x20406118        0x0 ./RTD/src/OsIf_Timer_System_Internal_Systick.o
 .bss           0x20406118        0x0 ./RTD/src/Port.o
 .bss           0x20406118        0x0 ./RTD/src/Port_Ipw.o
 .bss           0x20406118        0x0 ./RTD/src/Power_Ip.o
 .bss           0x20406118        0x0 ./RTD/src/Power_Ip_AEC.o
 .bss           0x20406118        0x0 ./RTD/src/Power_Ip_CortexM7.o
 .bss           0x20406118        0x0 ./RTD/src/Power_Ip_DCM_GPR.o
 .bss           0x20406118        0x0 ./RTD/src/Power_Ip_FLASH.o
 .bss           0x20406118        0x0 ./RTD/src/Power_Ip_MC_ME.o
 .bss           0x20406118        0x0 ./RTD/src/Power_Ip_MC_RGM.o
 .bss           0x20406118        0x0 ./RTD/src/Power_Ip_MC_RGM_Irq.o
 .bss           0x20406118        0x0 ./RTD/src/Power_Ip_PMC.o
 .bss           0x20406118        0x0 ./RTD/src/Power_Ip_PMC_Irq.o
 .bss           0x20406118        0x0 ./RTD/src/Power_Ip_Private.o
 .bss           0x20406118        0x0 ./RTD/src/Ram_Ip.o
 .bss           0x20406118        0x0 ./RTD/src/SchM_Dio.o
 .bss           0x20406118        0x0 ./RTD/src/SchM_Mcu.o
 .bss           0x20406118        0x0 ./RTD/src/SchM_Port.o
 .bss           0x20406118        0x0 ./RTD/src/Siul2_Dio_Ip.o
 .bss           0x20406118        0x0 ./RTD/src/Siul2_Port_Ip.o
 .bss           0x20406118        0x0 ./RTD/src/Tspc_Port_Ip.o
 .bss           0x20406118        0x0 ./board/Siul2_Port_Ip_Cfg.o
 .bss           0x20406118        0x0 ./board/Tspc_Port_Ip_Cfg.o
 .bss           0x20406118        0x0 ./generate/src/Clock_Ip_BOARD_InitPeripherals_PBcfg.o
 .bss           0x20406118        0x0 ./generate/src/Clock_Ip_Cfg.o
 .bss           0x20406118        0x0 ./generate/src/Dio_Cfg.o
 .bss           0x20406118        0x0 ./generate/src/Igf_Port_Ip_BOARD_InitPeripherals_PBcfg.o
 .bss           0x20406118        0x0 ./generate/src/Igf_Port_Ip_Cfg.o
 .bss           0x20406118        0x0 ./generate/src/Mcu_BOARD_InitPeripherals_PBcfg.o
 .bss           0x20406118        0x0 ./generate/src/Mcu_Cfg.o
 .bss           0x20406118        0x0 ./generate/src/OsIf_Cfg.o
 .bss           0x20406118        0x0 ./generate/src/Port_BOARD_InitPeripherals_PBcfg.o
 .bss           0x20406118        0x0 ./generate/src/Port_Cfg.o
 .bss           0x20406118        0x0 ./generate/src/Power_Ip_BOARD_InitPeripherals_PBcfg.o
 .bss           0x20406118        0x0 ./generate/src/Power_Ip_Cfg.o
 .bss           0x20406118        0x0 ./generate/src/Ram_Ip_BOARD_InitPeripherals_PBcfg.o
 .bss           0x20406118        0x0 ./generate/src/Ram_Ip_Cfg.o
 .bss           0x20406118        0x0 ./generate/src/Siul2_Port_Ip_BOARD_InitPeripherals_PBcfg.o
 .bss           0x20406118        0x0 ./generate/src/Tspc_Port_Ip_BOARD_InitPeripherals_PBcfg.o
 .bss           0x20406118        0x4 ./src/main.o
                0x20406118                exit_code
 .bss           0x2040611c        0x0 c:/nxp/s32ds.3.5/s32ds/build_tools/gcc_v10.2/gcc-10.2-arm32-eabi/bin/../lib/gcc/arm-none-eabi/10.2.0/../../../../arm-none-eabi/lib/thumb/v7e-m+fp/hard\libc_nano.a(lib_a-memmove.o)
 .bss           0x2040611c        0x0 c:/nxp/s32ds.3.5/s32ds/build_tools/gcc_v10.2/gcc-10.2-arm32-eabi/bin/../lib/gcc/arm-none-eabi/10.2.0/../../../../arm-none-eabi/lib/thumb/v7e-m+fp/hard\libc_nano.a(lib_a-memset.o)
 *(.bss*)
                0x20406120                . = ALIGN (0x10)
 *fill*         0x2040611c        0x4 
 *(.mcal_bss)
 .mcal_bss      0x20406120        0x4 ./Project_Settings/Startup_Code/system.o
                0x20406120                RESET_CATCH_CORE
 .mcal_bss      0x20406124       0x85 ./RTD/src/Clock_Ip.o
                0x20406128                Clock_Ip_FreqIds
                0x204061a4                Clock_Ip_pxConfig
 *fill*         0x204061a9        0x3 
 .mcal_bss      0x204061ac       0x10 ./RTD/src/Clock_Ip_Monitor.o
 .mcal_bss      0x204061bc        0x4 ./RTD/src/Clock_Ip_ProgFreqSwitch.o
 .mcal_bss      0x204061c0        0xc ./RTD/src/Clock_Ip_Specific.o
 .mcal_bss      0x204061cc        0x9 ./RTD/src/Mcu.o
 *fill*         0x204061d5        0x3 
 .mcal_bss      0x204061d8        0xc ./RTD/src/Power_Ip_MC_RGM.o
 .mcal_bss      0x204061e4        0x8 ./RTD/src/Siul2_Port_Ip.o
                0x204061ec                . = ALIGN (0x4)
                0x204061ec                __sram_bss_end = .

.heap           0x204061ec     0x1000 load address 0x00508bc4
                0x00000000                . = (. + ALIGN (0x4))
                0x204061ec                _end = .
                0x204061ec                end = .
                0x204061ec                _heap_start = .
                0x00001000                . = (. + HEAP_SIZE)
 *fill*         0x204061ec     0x1000 
                0x204071ec                _heap_end = .

.acfls_code_ram
                0x20407f00        0x0
                0x20407f00                acfls_code_ram_start = .
 *(.acfls_code_ram)
                0x20407f00                acfls_code_ram_stop = .
                0x00508a74                __non_cacheable_data_rom = __sram_data_rom_end

.non_cacheable_data
                0x20408000      0x104 load address 0x00508a74
                0x20408000                . = ALIGN (0x4)
                0x20408000                __non_cacheable_data_start__ = .
 *(.int_results)
                0x20408100                . = (. + 0x100)
 *fill*         0x20408000      0x100 
                0x20408100                . = ALIGN (0x4)
 *(.mcal_data_no_cacheable)
                0x20408100                . = ALIGN (0x4)
 *(.mcal_const_no_cacheable)
                0x20408100                . = ALIGN (0x4)
                0x20408100                HSE_LOOP_ADDR = .
                0x20408100        0x4 LONG 0x0
                0x20408104                __non_cacheable_data_end__ = .
                0x00508b78                __non_cacheable_data_rom_end = (__non_cacheable_data_rom + (__non_cacheable_data_end__ - __non_cacheable_data_start__))

.igot.plt       0x20408104        0x0 load address 0x00508b78
 .igot.plt      0x20408104        0x0 ./Project_Settings/Startup_Code/Vector_Table.o

.non_cacheable_bss
                0x20408104      0x480 load address 0x00508b78
                0x20408110                . = ALIGN (0x10)
 *fill*         0x20408104        0xc 
                0x20408110                __non_cacheable_bss_start = .
 *(.mcal_bss_no_cacheable)
 .mcal_bss_no_cacheable
                0x20408110       0x3c ./RTD/src/Det.o
                0x20408110                Det_TransientModuleId
                0x20408118                Det_ApiId
                0x2040811c                Det_TransientInstanceId
                0x20408120                Det_ErrorId
                0x20408124                Det_TransientApiId
                0x20408128                Det_RuntimeModuleId
                0x20408130                Det_TransientFaultId
                0x20408134                Det_RuntimeInstanceId
                0x20408138                Det_RuntimeApiId
                0x2040813c                Det_ModuleId
                0x20408144                Det_RuntimeErrorId
                0x20408148                Det_InstanceId
 .mcal_bss_no_cacheable
                0x2040814c        0x4 ./RTD/src/Port.o
 .mcal_bss_no_cacheable
                0x20408150       0x14 ./RTD/src/Port_Ipw.o
 .mcal_bss_no_cacheable
                0x20408164       0x40 ./RTD/src/SchM_Dio.o
 .mcal_bss_no_cacheable
                0x204081a4       0x60 ./RTD/src/SchM_Mcu.o
 .mcal_bss_no_cacheable
                0x20408204      0x380 ./RTD/src/SchM_Port.o
                0x20408584                . = ALIGN (0x4)
                0x20408584                __non_cacheable_bss_end = .
                0x00508b78                __shareable_data_rom = __non_cacheable_data_rom_end

.shareable_data
                0x2040c000        0x0 load address 0x00508b78
                0x2040c000                . = ALIGN (0x4)
                0x2040c000                __shareable_data_start__ = .
 *(.mcal_shared_data)
                0x2040c000                . = ALIGN (0x4)
                0x2040c000                __shareable_data_end__ = .
                0x00508b78                __shareable_data_rom_end = (__shareable_data_rom + (__shareable_data_end__ - __shareable_data_start__))

.int_vector     0x20000000      0x408
                0x20000000                . = ALIGN (0x800)
                0x20000000                __interrupts_ram_start = .
                0x20000408                . = (. + (__interrupts_init_end - __interrupts_init_start))
 *fill*         0x20000000      0x408 
                0x20000408                . = ALIGN (0x4)
                0x20000408                __interrupts_ram_end = .
                0x00508b78                __tcm_data_rom = __shareable_data_rom_end

.data_tcm_data  0x20000408        0x0 load address 0x00508b78
                0x20000408                . = ALIGN (0x4)
                0x20000408                __dtcm_data_start__ = .
 *(.dtcm_data*)
                0x20000408                . = ALIGN (0x4)
                0x20000408                __dtcm_data_end__ = .
                0x00508b78                __tcm_data_rom_end = (__tcm_data_rom + (__dtcm_data_end__ - __dtcm_data_start__))

.bss_tcm_data   0x20000408        0x0
                0x20000408                . = ALIGN (0x4)
                0x20000408                __dtcm_bss_start__ = .
 *(.dtcm_bss*)
                0x20000408                . = ALIGN (0x4)
                0x20000408                __dtcm_bss_end__ = .
                0x00508b78                __tcm_code_rom_start = __tcm_data_rom_end

.itcm_text      0x00000000        0x0 load address 0x00508b78
                0x00000000                . = ALIGN (0x4)
                0x00000000                __itcm_start__ = .
 *(.itcm_text*)
                0x00000000                . = ALIGN (0x4)
                0x00000000                __itcm_end__ = .
                0x00508b78                __tcm_code_rom_end = (__tcm_code_rom_start + (__itcm_end__ - __itcm_start__))

.shareable_bss  0x2040c000        0x0
                0x2040c000                . = ALIGN (0x10)
                0x2040c000                __shareable_bss_start = .
 *(.mcal_shared_bss)
                0x2040c000                . = ALIGN (0x4)
                0x2040c000                __shareable_bss_end = .
                0x2000f000                __Stack_dtcm_end = ORIGIN (int_stack_dtcm)
                0x20010000                __Stack_dtcm_start = (ORIGIN (int_stack_dtcm) + LENGTH (int_stack_dtcm))
                0x20406000                __INT_SRAM_START = ORIGIN (int_sram_c1)
                0x2040c000                __INT_SRAM_END = ORIGIN (ram_end_c1)
                0x00000000                __INT_ITCM_START = ORIGIN (int_itcm)
                0x00008000                __INT_ITCM_END = (ORIGIN (int_itcm) + LENGTH (int_itcm))
                0x20000000                __INT_DTCM_START = ORIGIN (int_dtcm)
                0x20010000                __INT_DTCM_END = ((ORIGIN (int_dtcm) + LENGTH (int_dtcm)) + LENGTH (int_stack_dtcm))
                0x2040c000                __RAM_SHAREABLE_START = ORIGIN (int_sram_shareable)
                0x20406000                __RAM_SHAREABLE_END = ORIGIN (ram_end_c0)
                0x0000000e                __RAM_SHAREABLE_SIZE = 0xe
                0x00000000                __ROM_SHAREABLE_START = 0x0
                0x00000000                __ROM_SHAREABLE_END = 0x0
                0x20408000                __RAM_NO_CACHEABLE_START = ORIGIN (int_sram_no_cacheable_c1)
                0x2040c000                __RAM_NO_CACHEABLE_END = ORIGIN (ram_end_c1)
                0x0000000e                __RAM_NO_CACHEABLE_SIZE = 0xe
                0x00508a74                __ROM_NO_CACHEABLE_START = __non_cacheable_data_rom
                0x00508b78                __ROM_NO_CACHEABLE_END = __non_cacheable_data_rom_end
                0x20406000                __RAM_CACHEABLE_START = ORIGIN (int_sram_c1)
                0x20408000                __RAM_CACHEABLE_END = ORIGIN (int_sram_no_cacheable_c1)
                0x0000000d                __RAM_CACHEABLE_SIZE = 0xd
                0x005089d8                __ROM_CACHEABLE_START = __sram_data_rom
                0x00508a74                __ROM_CACHEABLE_END = __sram_data_rom_end
                0x00500000                __ROM_CODE_START = ORIGIN (int_flash_c1)
                0x10000000                __ROM_DATA_START = 0x10000000
                0x204060a0                __BSS_SRAM_START = __sram_bss_start
                0x204061ec                __BSS_SRAM_END = __sram_bss_end
                0x0000014c                __BSS_SRAM_SIZE = (__sram_bss_end - __sram_bss_start)
                0x20408110                __BSS_SRAM_NC_START = __non_cacheable_bss_start
                0x00000474                __BSS_SRAM_NC_SIZE = (__non_cacheable_bss_end - __non_cacheable_bss_start)
                0x20408584                __BSS_SRAM_NC_END = __non_cacheable_bss_end
                0x00000000                __BSS_SRAM_SH_START = 0x0
                0x00000000                __BSS_SRAM_SH_SIZE = 0x0
                0x00000000                __BSS_SRAM_SH_END = 0x0
                0x20000000                __RAM_INTERRUPT_START = __interrupts_ram_start
                0x00500000                __INIT_INTERRUPT_START = __interrupts_init_start
                0x00500408                __INIT_INTERRUPT_END = __interrupts_init_end
                0x00000000                __RAM_ITCM_START = __itcm_start__
                0x00508b78                __ROM_ITCM_START = __tcm_code_rom_start
                0x00508b78                __ROM_ITCM_END = __tcm_code_rom_end
                0x20000408                __RAM_DTCM_DATA_START = __dtcm_data_start__
                0x00508b78                __ROM_DTCM_DATA_START = __tcm_data_rom
                0x00508b78                __ROM_DTCM_END = __tcm_data_rom_end
                0x00508970                __INIT_TABLE = __init_table
                0x005089bc                __ZERO_TABLE = __zero_table
                0x00000001                __RAM_INIT = 0x1
                0x00000001                __ITCM_INIT = 0x1
                0x00000001                __DTCM_INIT = 0x1
                0x00504aec                Fls_ACEraseRomStart = __acfls_code_rom_start
                0x00504b38                Fls_ACEraseRomEnd = __acfls_code_rom_end
                0x00000013                Fls_ACEraseSize = ((__acfls_code_rom_end - __acfls_code_rom_start) / 0x4)
                0x00504aec                Fls_ACWriteRomStart = __acfls_code_rom_start
                0x00504b38                Fls_ACWriteRomEnd = __acfls_code_rom_end
                0x00000013                Fls_ACWriteSize = ((__acfls_code_rom_end - __acfls_code_rom_start) / 0x4)
                0x20407f00                _ERASE_FUNC_ADDRESS_ = ADDR (.acfls_code_ram)
                0x20407f00                _WRITE_FUNC_ADDRESS_ = ADDR (.acfls_code_ram)

/DISCARD/
 *(.boot_header)
                0x00500000                __ENTRY_VTABLE = __INIT_INTERRUPT_START
                0x00400800                __CORE0_VTOR = (ORIGIN (int_flash_c0) + 0x800)
                0x00500000                __CORE1_VTOR = __INIT_INTERRUPT_START
                0x00500000                __CORE2_VTOR = __INIT_INTERRUPT_START
                0x00000000                __INDEX_COPY_CORE2 = 0x0
OUTPUT(led_M7_1.elf elf32-littlearm)
LOAD linker stubs

.ARM.attributes
                0x00000000       0x30
 .ARM.attributes
                0x00000000       0x20 ./Project_Settings/Startup_Code/Vector_Table.o
 .ARM.attributes
                0x00000020       0x34 ./Project_Settings/Startup_Code/exceptions.o
 .ARM.attributes
                0x00000054       0x34 ./Project_Settings/Startup_Code/nvic.o
 .ARM.attributes
                0x00000088       0x34 ./Project_Settings/Startup_Code/startup.o
 .ARM.attributes
                0x000000bc       0x1f ./Project_Settings/Startup_Code/startup_cm7.o
 .ARM.attributes
                0x000000db       0x34 ./Project_Settings/Startup_Code/system.o
 .ARM.attributes
                0x0000010f       0x34 ./RTD/src/Clock_Ip.o
 .ARM.attributes
                0x00000143       0x39 ./RTD/src/Clock_Ip_Data.o
 .ARM.attributes
                0x0000017c       0x34 ./RTD/src/Clock_Ip_Divider.o
 .ARM.attributes
                0x000001b0       0x34 ./RTD/src/Clock_Ip_DividerTrigger.o
 .ARM.attributes
                0x000001e4       0x34 ./RTD/src/Clock_Ip_ExtOsc.o
 .ARM.attributes
                0x00000218       0x34 ./RTD/src/Clock_Ip_FracDiv.o
 .ARM.attributes
                0x0000024c       0x34 ./RTD/src/Clock_Ip_Frequency.o
 .ARM.attributes
                0x00000280       0x34 ./RTD/src/Clock_Ip_Gate.o
 .ARM.attributes
                0x000002b4       0x34 ./RTD/src/Clock_Ip_IntOsc.o
 .ARM.attributes
                0x000002e8       0x34 ./RTD/src/Clock_Ip_Irq.o
 .ARM.attributes
                0x0000031c       0x34 ./RTD/src/Clock_Ip_Monitor.o
 .ARM.attributes
                0x00000350       0x34 ./RTD/src/Clock_Ip_Pll.o
 .ARM.attributes
                0x00000384       0x34 ./RTD/src/Clock_Ip_ProgFreqSwitch.o
 .ARM.attributes
                0x000003b8       0x34 ./RTD/src/Clock_Ip_Selector.o
 .ARM.attributes
                0x000003ec       0x34 ./RTD/src/Clock_Ip_Specific.o
 .ARM.attributes
                0x00000420       0x34 ./RTD/src/Det.o
 .ARM.attributes
                0x00000454       0x34 ./RTD/src/Det_stub.o
 .ARM.attributes
                0x00000488       0x34 ./RTD/src/Dio.o
 .ARM.attributes
                0x000004bc       0x34 ./RTD/src/Dio_Ipw.o
 .ARM.attributes
                0x000004f0       0x39 ./RTD/src/Igf_Port_Ip.o
 .ARM.attributes
                0x00000529       0x34 ./RTD/src/Mcu.o
 .ARM.attributes
                0x0000055d       0x39 ./RTD/src/Mcu_Dem_Wrapper.o
 .ARM.attributes
                0x00000596       0x34 ./RTD/src/Mcu_Ipw.o
 .ARM.attributes
                0x000005ca       0x39 ./RTD/src/OsIf_Interrupts.o
 .ARM.attributes
                0x00000603       0x34 ./RTD/src/OsIf_Timer.o
 .ARM.attributes
                0x00000637       0x39 ./RTD/src/OsIf_Timer_System.o
 .ARM.attributes
                0x00000670       0x34 ./RTD/src/OsIf_Timer_System_Internal_Systick.o
 .ARM.attributes
                0x000006a4       0x34 ./RTD/src/Port.o
 .ARM.attributes
                0x000006d8       0x34 ./RTD/src/Port_Ipw.o
 .ARM.attributes
                0x0000070c       0x34 ./RTD/src/Power_Ip.o
 .ARM.attributes
                0x00000740       0x39 ./RTD/src/Power_Ip_AEC.o
 .ARM.attributes
                0x00000779       0x34 ./RTD/src/Power_Ip_CortexM7.o
 .ARM.attributes
                0x000007ad       0x34 ./RTD/src/Power_Ip_DCM_GPR.o
 .ARM.attributes
                0x000007e1       0x34 ./RTD/src/Power_Ip_FLASH.o
 .ARM.attributes
                0x00000815       0x34 ./RTD/src/Power_Ip_MC_ME.o
 .ARM.attributes
                0x00000849       0x34 ./RTD/src/Power_Ip_MC_RGM.o
 .ARM.attributes
                0x0000087d       0x39 ./RTD/src/Power_Ip_MC_RGM_Irq.o
 .ARM.attributes
                0x000008b6       0x34 ./RTD/src/Power_Ip_PMC.o
 .ARM.attributes
                0x000008ea       0x39 ./RTD/src/Power_Ip_PMC_Irq.o
 .ARM.attributes
                0x00000923       0x34 ./RTD/src/Power_Ip_Private.o
 .ARM.attributes
                0x00000957       0x34 ./RTD/src/Ram_Ip.o
 .ARM.attributes
                0x0000098b       0x34 ./RTD/src/SchM_Dio.o
 .ARM.attributes
                0x000009bf       0x34 ./RTD/src/SchM_Mcu.o
 .ARM.attributes
                0x000009f3       0x34 ./RTD/src/SchM_Port.o
 .ARM.attributes
                0x00000a27       0x34 ./RTD/src/Siul2_Dio_Ip.o
 .ARM.attributes
                0x00000a5b       0x34 ./RTD/src/Siul2_Port_Ip.o
 .ARM.attributes
                0x00000a8f       0x34 ./RTD/src/Tspc_Port_Ip.o
 .ARM.attributes
                0x00000ac3       0x39 ./board/Siul2_Port_Ip_Cfg.o
 .ARM.attributes
                0x00000afc       0x39 ./board/Tspc_Port_Ip_Cfg.o
 .ARM.attributes
                0x00000b35       0x39 ./generate/src/Clock_Ip_BOARD_InitPeripherals_PBcfg.o
 .ARM.attributes
                0x00000b6e       0x39 ./generate/src/Clock_Ip_Cfg.o
 .ARM.attributes
                0x00000ba7       0x39 ./generate/src/Dio_Cfg.o
 .ARM.attributes
                0x00000be0       0x39 ./generate/src/Igf_Port_Ip_BOARD_InitPeripherals_PBcfg.o
 .ARM.attributes
                0x00000c19       0x39 ./generate/src/Igf_Port_Ip_Cfg.o
 .ARM.attributes
                0x00000c52       0x39 ./generate/src/Mcu_BOARD_InitPeripherals_PBcfg.o
 .ARM.attributes
                0x00000c8b       0x39 ./generate/src/Mcu_Cfg.o
 .ARM.attributes
                0x00000cc4       0x39 ./generate/src/OsIf_Cfg.o
 .ARM.attributes
                0x00000cfd       0x39 ./generate/src/Port_BOARD_InitPeripherals_PBcfg.o
 .ARM.attributes
                0x00000d36       0x39 ./generate/src/Port_Cfg.o
 .ARM.attributes
                0x00000d6f       0x39 ./generate/src/Power_Ip_BOARD_InitPeripherals_PBcfg.o
 .ARM.attributes
                0x00000da8       0x39 ./generate/src/Power_Ip_Cfg.o
 .ARM.attributes
                0x00000de1       0x39 ./generate/src/Ram_Ip_BOARD_InitPeripherals_PBcfg.o
 .ARM.attributes
                0x00000e1a       0x39 ./generate/src/Ram_Ip_Cfg.o
 .ARM.attributes
                0x00000e53       0x39 ./generate/src/Siul2_Port_Ip_BOARD_InitPeripherals_PBcfg.o
 .ARM.attributes
                0x00000e8c       0x39 ./generate/src/Tspc_Port_Ip_BOARD_InitPeripherals_PBcfg.o
 .ARM.attributes
                0x00000ec5       0x34 ./src/main.o
 .ARM.attributes
                0x00000ef9       0x34 c:/nxp/s32ds.3.5/s32ds/build_tools/gcc_v10.2/gcc-10.2-arm32-eabi/bin/../lib/gcc/arm-none-eabi/10.2.0/../../../../arm-none-eabi/lib/thumb/v7e-m+fp/hard\libc_nano.a(lib_a-memmove.o)
 .ARM.attributes
                0x00000f2d       0x34 c:/nxp/s32ds.3.5/s32ds/build_tools/gcc_v10.2/gcc-10.2-arm32-eabi/bin/../lib/gcc/arm-none-eabi/10.2.0/../../../../arm-none-eabi/lib/thumb/v7e-m+fp/hard\libc_nano.a(lib_a-memset.o)

.comment        0x00000000       0x88
 .comment       0x00000000       0x88 ./Project_Settings/Startup_Code/exceptions.o
                                 0x89 (size before relaxing)
 .comment       0x00000088       0x89 ./Project_Settings/Startup_Code/nvic.o
 .comment       0x00000088       0x89 ./Project_Settings/Startup_Code/startup.o
 .comment       0x00000088       0x89 ./Project_Settings/Startup_Code/system.o
 .comment       0x00000088       0x89 ./RTD/src/Clock_Ip.o
 .comment       0x00000088       0x89 ./RTD/src/Clock_Ip_Data.o
 .comment       0x00000088       0x89 ./RTD/src/Clock_Ip_Divider.o
 .comment       0x00000088       0x89 ./RTD/src/Clock_Ip_DividerTrigger.o
 .comment       0x00000088       0x89 ./RTD/src/Clock_Ip_ExtOsc.o
 .comment       0x00000088       0x89 ./RTD/src/Clock_Ip_FracDiv.o
 .comment       0x00000088       0x89 ./RTD/src/Clock_Ip_Frequency.o
 .comment       0x00000088       0x89 ./RTD/src/Clock_Ip_Gate.o
 .comment       0x00000088       0x89 ./RTD/src/Clock_Ip_IntOsc.o
 .comment       0x00000088       0x89 ./RTD/src/Clock_Ip_Irq.o
 .comment       0x00000088       0x89 ./RTD/src/Clock_Ip_Monitor.o
 .comment       0x00000088       0x89 ./RTD/src/Clock_Ip_Pll.o
 .comment       0x00000088       0x89 ./RTD/src/Clock_Ip_ProgFreqSwitch.o
 .comment       0x00000088       0x89 ./RTD/src/Clock_Ip_Selector.o
 .comment       0x00000088       0x89 ./RTD/src/Clock_Ip_Specific.o
 .comment       0x00000088       0x89 ./RTD/src/Det.o
 .comment       0x00000088       0x89 ./RTD/src/Det_stub.o
 .comment       0x00000088       0x89 ./RTD/src/Dio.o
 .comment       0x00000088       0x89 ./RTD/src/Dio_Ipw.o
 .comment       0x00000088       0x89 ./RTD/src/Igf_Port_Ip.o
 .comment       0x00000088       0x89 ./RTD/src/Mcu.o
 .comment       0x00000088       0x89 ./RTD/src/Mcu_Dem_Wrapper.o
 .comment       0x00000088       0x89 ./RTD/src/Mcu_Ipw.o
 .comment       0x00000088       0x89 ./RTD/src/OsIf_Interrupts.o
 .comment       0x00000088       0x89 ./RTD/src/OsIf_Timer.o
 .comment       0x00000088       0x89 ./RTD/src/OsIf_Timer_System.o
 .comment       0x00000088       0x89 ./RTD/src/OsIf_Timer_System_Internal_Systick.o
 .comment       0x00000088       0x89 ./RTD/src/Port.o
 .comment       0x00000088       0x89 ./RTD/src/Port_Ipw.o
 .comment       0x00000088       0x89 ./RTD/src/Power_Ip.o
 .comment       0x00000088       0x89 ./RTD/src/Power_Ip_AEC.o
 .comment       0x00000088       0x89 ./RTD/src/Power_Ip_CortexM7.o
 .comment       0x00000088       0x89 ./RTD/src/Power_Ip_DCM_GPR.o
 .comment       0x00000088       0x89 ./RTD/src/Power_Ip_FLASH.o
 .comment       0x00000088       0x89 ./RTD/src/Power_Ip_MC_ME.o
 .comment       0x00000088       0x89 ./RTD/src/Power_Ip_MC_RGM.o
 .comment       0x00000088       0x89 ./RTD/src/Power_Ip_MC_RGM_Irq.o
 .comment       0x00000088       0x89 ./RTD/src/Power_Ip_PMC.o
 .comment       0x00000088       0x89 ./RTD/src/Power_Ip_PMC_Irq.o
 .comment       0x00000088       0x89 ./RTD/src/Power_Ip_Private.o
 .comment       0x00000088       0x89 ./RTD/src/Ram_Ip.o
 .comment       0x00000088       0x89 ./RTD/src/SchM_Dio.o
 .comment       0x00000088       0x89 ./RTD/src/SchM_Mcu.o
 .comment       0x00000088       0x89 ./RTD/src/SchM_Port.o
 .comment       0x00000088       0x89 ./RTD/src/Siul2_Dio_Ip.o
 .comment       0x00000088       0x89 ./RTD/src/Siul2_Port_Ip.o
 .comment       0x00000088       0x89 ./RTD/src/Tspc_Port_Ip.o
 .comment       0x00000088       0x89 ./board/Siul2_Port_Ip_Cfg.o
 .comment       0x00000088       0x89 ./board/Tspc_Port_Ip_Cfg.o
 .comment       0x00000088       0x89 ./generate/src/Clock_Ip_BOARD_InitPeripherals_PBcfg.o
 .comment       0x00000088       0x89 ./generate/src/Clock_Ip_Cfg.o
 .comment       0x00000088       0x89 ./generate/src/Dio_Cfg.o
 .comment       0x00000088       0x89 ./generate/src/Igf_Port_Ip_BOARD_InitPeripherals_PBcfg.o
 .comment       0x00000088       0x89 ./generate/src/Igf_Port_Ip_Cfg.o
 .comment       0x00000088       0x89 ./generate/src/Mcu_BOARD_InitPeripherals_PBcfg.o
 .comment       0x00000088       0x89 ./generate/src/Mcu_Cfg.o
 .comment       0x00000088       0x89 ./generate/src/OsIf_Cfg.o
 .comment       0x00000088       0x89 ./generate/src/Port_BOARD_InitPeripherals_PBcfg.o
 .comment       0x00000088       0x89 ./generate/src/Port_Cfg.o
 .comment       0x00000088       0x89 ./generate/src/Power_Ip_BOARD_InitPeripherals_PBcfg.o
 .comment       0x00000088       0x89 ./generate/src/Power_Ip_Cfg.o
 .comment       0x00000088       0x89 ./generate/src/Ram_Ip_BOARD_InitPeripherals_PBcfg.o
 .comment       0x00000088       0x89 ./generate/src/Ram_Ip_Cfg.o
 .comment       0x00000088       0x89 ./generate/src/Siul2_Port_Ip_BOARD_InitPeripherals_PBcfg.o
 .comment       0x00000088       0x89 ./generate/src/Tspc_Port_Ip_BOARD_InitPeripherals_PBcfg.o
 .comment       0x00000088       0x89 ./src/main.o
 .comment       0x00000088       0x89 c:/nxp/s32ds.3.5/s32ds/build_tools/gcc_v10.2/gcc-10.2-arm32-eabi/bin/../lib/gcc/arm-none-eabi/10.2.0/../../../../arm-none-eabi/lib/thumb/v7e-m+fp/hard\libc_nano.a(lib_a-memmove.o)
 .comment       0x00000088       0x89 c:/nxp/s32ds.3.5/s32ds/build_tools/gcc_v10.2/gcc-10.2-arm32-eabi/bin/../lib/gcc/arm-none-eabi/10.2.0/../../../../arm-none-eabi/lib/thumb/v7e-m+fp/hard\libc_nano.a(lib_a-memset.o)

.debug_info     0x00000000    0x2780f
 .debug_info    0x00000000      0x139 ./Project_Settings/Startup_Code/exceptions.o
 .debug_info    0x00000139      0x76a ./Project_Settings/Startup_Code/nvic.o
 .debug_info    0x000008a3      0x36f ./Project_Settings/Startup_Code/startup.o
 .debug_info    0x00000c12       0x22 ./Project_Settings/Startup_Code/startup_cm7.o
 .debug_info    0x00000c34      0xc18 ./Project_Settings/Startup_Code/system.o
 .debug_info    0x0000184c     0x1f4e ./RTD/src/Clock_Ip.o
 .debug_info    0x0000379a     0x1634 ./RTD/src/Clock_Ip_Data.o
 .debug_info    0x00004dce      0x9ca ./RTD/src/Clock_Ip_Divider.o
 .debug_info    0x00005798      0x7a8 ./RTD/src/Clock_Ip_DividerTrigger.o
 .debug_info    0x00005f40      0xa57 ./RTD/src/Clock_Ip_ExtOsc.o
 .debug_info    0x00006997      0x56b ./RTD/src/Clock_Ip_FracDiv.o
 .debug_info    0x00006f02      0x3d9 ./RTD/src/Clock_Ip_Frequency.o
 .debug_info    0x000072db      0x98c ./RTD/src/Clock_Ip_Gate.o
 .debug_info    0x00007c67      0xd0d ./RTD/src/Clock_Ip_IntOsc.o
 .debug_info    0x00008974       0xb2 ./RTD/src/Clock_Ip_Irq.o
 .debug_info    0x00008a26     0x1333 ./RTD/src/Clock_Ip_Monitor.o
 .debug_info    0x00009d59      0xa77 ./RTD/src/Clock_Ip_Pll.o
 .debug_info    0x0000a7d0      0xf48 ./RTD/src/Clock_Ip_ProgFreqSwitch.o
 .debug_info    0x0000b718      0xfef ./RTD/src/Clock_Ip_Selector.o
 .debug_info    0x0000c707     0x188e ./RTD/src/Clock_Ip_Specific.o
 .debug_info    0x0000df95      0x420 ./RTD/src/Det.o
 .debug_info    0x0000e3b5      0x471 ./RTD/src/Det_stub.o
 .debug_info    0x0000e826      0x35f ./RTD/src/Dio.o
 .debug_info    0x0000eb85      0x6dd ./RTD/src/Dio_Ipw.o
 .debug_info    0x0000f262       0x7d ./RTD/src/Igf_Port_Ip.o
 .debug_info    0x0000f2df     0x154c ./RTD/src/Mcu.o
 .debug_info    0x0001082b       0x7d ./RTD/src/Mcu_Dem_Wrapper.o
 .debug_info    0x000108a8     0x1445 ./RTD/src/Mcu_Ipw.o
 .debug_info    0x00011ced       0x7d ./RTD/src/OsIf_Interrupts.o
 .debug_info    0x00011d6a      0x2c7 ./RTD/src/OsIf_Timer.o
 .debug_info    0x00012031       0x7d ./RTD/src/OsIf_Timer_System.o
 .debug_info    0x000120ae      0x196 ./RTD/src/OsIf_Timer_System_Internal_Systick.o
 .debug_info    0x00012244     0x2095 ./RTD/src/Port.o
 .debug_info    0x000142d9     0x2a7d ./RTD/src/Port_Ipw.o
 .debug_info    0x00016d56      0x999 ./RTD/src/Power_Ip.o
 .debug_info    0x000176ef       0x7d ./RTD/src/Power_Ip_AEC.o
 .debug_info    0x0001776c      0x56e ./RTD/src/Power_Ip_CortexM7.o
 .debug_info    0x00017cda      0x508 ./RTD/src/Power_Ip_DCM_GPR.o
 .debug_info    0x000181e2      0x31d ./RTD/src/Power_Ip_FLASH.o
 .debug_info    0x000184ff      0xe3d ./RTD/src/Power_Ip_MC_ME.o
 .debug_info    0x0001933c      0xa82 ./RTD/src/Power_Ip_MC_RGM.o
 .debug_info    0x00019dbe       0x7d ./RTD/src/Power_Ip_MC_RGM_Irq.o
 .debug_info    0x00019e3b      0x351 ./RTD/src/Power_Ip_PMC.o
 .debug_info    0x0001a18c       0x7d ./RTD/src/Power_Ip_PMC_Irq.o
 .debug_info    0x0001a209      0x323 ./RTD/src/Power_Ip_Private.o
 .debug_info    0x0001a52c      0x26c ./RTD/src/Ram_Ip.o
 .debug_info    0x0001a798      0x2ce ./RTD/src/SchM_Dio.o
 .debug_info    0x0001aa66      0x39b ./RTD/src/SchM_Mcu.o
 .debug_info    0x0001ae01     0x17a0 ./RTD/src/SchM_Port.o
 .debug_info    0x0001c5a1     0x1af3 ./RTD/src/Siul2_Dio_Ip.o
 .debug_info    0x0001e094     0x27fb ./RTD/src/Siul2_Port_Ip.o
 .debug_info    0x0002088f      0x347 ./RTD/src/Tspc_Port_Ip.o
 .debug_info    0x00020bd6       0x7d ./board/Siul2_Port_Ip_Cfg.o
 .debug_info    0x00020c53       0x7d ./board/Tspc_Port_Ip_Cfg.o
 .debug_info    0x00020cd0      0xd9c ./generate/src/Clock_Ip_BOARD_InitPeripherals_PBcfg.o
 .debug_info    0x00021a6c       0x7d ./generate/src/Clock_Ip_Cfg.o
 .debug_info    0x00021ae9      0x2db ./generate/src/Dio_Cfg.o
 .debug_info    0x00021dc4       0x7d ./generate/src/Igf_Port_Ip_BOARD_InitPeripherals_PBcfg.o
 .debug_info    0x00021e41       0x7d ./generate/src/Igf_Port_Ip_Cfg.o
 .debug_info    0x00021ebe     0x10e1 ./generate/src/Mcu_BOARD_InitPeripherals_PBcfg.o
 .debug_info    0x00022f9f       0x7d ./generate/src/Mcu_Cfg.o
 .debug_info    0x0002301c       0x7d ./generate/src/OsIf_Cfg.o
 .debug_info    0x00023099     0x1ed5 ./generate/src/Port_BOARD_InitPeripherals_PBcfg.o
 .debug_info    0x00024f6e      0x360 ./generate/src/Port_Cfg.o
 .debug_info    0x000252ce      0x5ba ./generate/src/Power_Ip_BOARD_InitPeripherals_PBcfg.o
 .debug_info    0x00025888       0x7d ./generate/src/Power_Ip_Cfg.o
 .debug_info    0x00025905       0x7d ./generate/src/Ram_Ip_BOARD_InitPeripherals_PBcfg.o
 .debug_info    0x00025982       0x7d ./generate/src/Ram_Ip_Cfg.o
 .debug_info    0x000259ff     0x1aef ./generate/src/Siul2_Port_Ip_BOARD_InitPeripherals_PBcfg.o
 .debug_info    0x000274ee      0x129 ./generate/src/Tspc_Port_Ip_BOARD_InitPeripherals_PBcfg.o
 .debug_info    0x00027617      0x1f8 ./src/main.o

.debug_abbrev   0x00000000     0x58ba
 .debug_abbrev  0x00000000       0x47 ./Project_Settings/Startup_Code/exceptions.o
 .debug_abbrev  0x00000047      0x102 ./Project_Settings/Startup_Code/nvic.o
 .debug_abbrev  0x00000149      0x119 ./Project_Settings/Startup_Code/startup.o
 .debug_abbrev  0x00000262       0x12 ./Project_Settings/Startup_Code/startup_cm7.o
 .debug_abbrev  0x00000274      0x229 ./Project_Settings/Startup_Code/system.o
 .debug_abbrev  0x0000049d      0x39d ./RTD/src/Clock_Ip.o
 .debug_abbrev  0x0000083a      0x14c ./RTD/src/Clock_Ip_Data.o
 .debug_abbrev  0x00000986      0x21e ./RTD/src/Clock_Ip_Divider.o
 .debug_abbrev  0x00000ba4      0x1b0 ./RTD/src/Clock_Ip_DividerTrigger.o
 .debug_abbrev  0x00000d54      0x283 ./RTD/src/Clock_Ip_ExtOsc.o
 .debug_abbrev  0x00000fd7      0x163 ./RTD/src/Clock_Ip_FracDiv.o
 .debug_abbrev  0x0000113a       0x92 ./RTD/src/Clock_Ip_Frequency.o
 .debug_abbrev  0x000011cc      0x1ac ./RTD/src/Clock_Ip_Gate.o
 .debug_abbrev  0x00001378      0x25d ./RTD/src/Clock_Ip_IntOsc.o
 .debug_abbrev  0x000015d5       0x6a ./RTD/src/Clock_Ip_Irq.o
 .debug_abbrev  0x0000163f      0x27d ./RTD/src/Clock_Ip_Monitor.o
 .debug_abbrev  0x000018bc      0x231 ./RTD/src/Clock_Ip_Pll.o
 .debug_abbrev  0x00001aed      0x1aa ./RTD/src/Clock_Ip_ProgFreqSwitch.o
 .debug_abbrev  0x00001c97      0x2f8 ./RTD/src/Clock_Ip_Selector.o
 .debug_abbrev  0x00001f8f      0x31b ./RTD/src/Clock_Ip_Specific.o
 .debug_abbrev  0x000022aa      0x14e ./RTD/src/Det.o
 .debug_abbrev  0x000023f8       0xc5 ./RTD/src/Det_stub.o
 .debug_abbrev  0x000024bd      0x115 ./RTD/src/Dio.o
 .debug_abbrev  0x000025d2      0x21c ./RTD/src/Dio_Ipw.o
 .debug_abbrev  0x000027ee       0x29 ./RTD/src/Igf_Port_Ip.o
 .debug_abbrev  0x00002817      0x1cb ./RTD/src/Mcu.o
 .debug_abbrev  0x000029e2       0x29 ./RTD/src/Mcu_Dem_Wrapper.o
 .debug_abbrev  0x00002a0b      0x1a2 ./RTD/src/Mcu_Ipw.o
 .debug_abbrev  0x00002bad       0x29 ./RTD/src/OsIf_Interrupts.o
 .debug_abbrev  0x00002bd6      0x1a7 ./RTD/src/OsIf_Timer.o
 .debug_abbrev  0x00002d7d       0x29 ./RTD/src/OsIf_Timer_System.o
 .debug_abbrev  0x00002da6      0x125 ./RTD/src/OsIf_Timer_System_Internal_Systick.o
 .debug_abbrev  0x00002ecb      0x296 ./RTD/src/Port.o
 .debug_abbrev  0x00003161      0x339 ./RTD/src/Port_Ipw.o
 .debug_abbrev  0x0000349a      0x259 ./RTD/src/Power_Ip.o
 .debug_abbrev  0x000036f3       0x29 ./RTD/src/Power_Ip_AEC.o
 .debug_abbrev  0x0000371c       0xc1 ./RTD/src/Power_Ip_CortexM7.o
 .debug_abbrev  0x000037dd      0x11d ./RTD/src/Power_Ip_DCM_GPR.o
 .debug_abbrev  0x000038fa       0xce ./RTD/src/Power_Ip_FLASH.o
 .debug_abbrev  0x000039c8      0x2ef ./RTD/src/Power_Ip_MC_ME.o
 .debug_abbrev  0x00003cb7      0x2a4 ./RTD/src/Power_Ip_MC_RGM.o
 .debug_abbrev  0x00003f5b       0x29 ./RTD/src/Power_Ip_MC_RGM_Irq.o
 .debug_abbrev  0x00003f84      0x16b ./RTD/src/Power_Ip_PMC.o
 .debug_abbrev  0x000040ef       0x29 ./RTD/src/Power_Ip_PMC_Irq.o
 .debug_abbrev  0x00004118      0x15c ./RTD/src/Power_Ip_Private.o
 .debug_abbrev  0x00004274       0xe0 ./RTD/src/Ram_Ip.o
 .debug_abbrev  0x00004354      0x124 ./RTD/src/SchM_Dio.o
 .debug_abbrev  0x00004478      0x124 ./RTD/src/SchM_Mcu.o
 .debug_abbrev  0x0000459c      0x124 ./RTD/src/SchM_Port.o
 .debug_abbrev  0x000046c0      0x271 ./RTD/src/Siul2_Dio_Ip.o
 .debug_abbrev  0x00004931      0x385 ./RTD/src/Siul2_Port_Ip.o
 .debug_abbrev  0x00004cb6      0x185 ./RTD/src/Tspc_Port_Ip.o
 .debug_abbrev  0x00004e3b       0x29 ./board/Siul2_Port_Ip_Cfg.o
 .debug_abbrev  0x00004e64       0x29 ./board/Tspc_Port_Ip_Cfg.o
 .debug_abbrev  0x00004e8d      0x103 ./generate/src/Clock_Ip_BOARD_InitPeripherals_PBcfg.o
 .debug_abbrev  0x00004f90       0x29 ./generate/src/Clock_Ip_Cfg.o
 .debug_abbrev  0x00004fb9       0xcd ./generate/src/Dio_Cfg.o
 .debug_abbrev  0x00005086       0x29 ./generate/src/Igf_Port_Ip_BOARD_InitPeripherals_PBcfg.o
 .debug_abbrev  0x000050af       0x29 ./generate/src/Igf_Port_Ip_Cfg.o
 .debug_abbrev  0x000050d8       0xff ./generate/src/Mcu_BOARD_InitPeripherals_PBcfg.o
 .debug_abbrev  0x000051d7       0x29 ./generate/src/Mcu_Cfg.o
 .debug_abbrev  0x00005200       0x29 ./generate/src/OsIf_Cfg.o
 .debug_abbrev  0x00005229      0x18e ./generate/src/Port_BOARD_InitPeripherals_PBcfg.o
 .debug_abbrev  0x000053b7       0xd6 ./generate/src/Port_Cfg.o
 .debug_abbrev  0x0000548d      0x11f ./generate/src/Power_Ip_BOARD_InitPeripherals_PBcfg.o
 .debug_abbrev  0x000055ac       0x29 ./generate/src/Power_Ip_Cfg.o
 .debug_abbrev  0x000055d5       0x29 ./generate/src/Ram_Ip_BOARD_InitPeripherals_PBcfg.o
 .debug_abbrev  0x000055fe       0x29 ./generate/src/Ram_Ip_Cfg.o
 .debug_abbrev  0x00005627      0x146 ./generate/src/Siul2_Port_Ip_BOARD_InitPeripherals_PBcfg.o
 .debug_abbrev  0x0000576d       0x93 ./generate/src/Tspc_Port_Ip_BOARD_InitPeripherals_PBcfg.o
 .debug_abbrev  0x00005800       0xba ./src/main.o

.debug_aranges  0x00000000      0xff0
 .debug_aranges
                0x00000000       0x68 ./Project_Settings/Startup_Code/exceptions.o
 .debug_aranges
                0x00000068       0x38 ./Project_Settings/Startup_Code/nvic.o
 .debug_aranges
                0x000000a0       0x28 ./Project_Settings/Startup_Code/startup.o
 .debug_aranges
                0x000000c8       0x28 ./Project_Settings/Startup_Code/startup_cm7.o
 .debug_aranges
                0x000000f0       0x38 ./Project_Settings/Startup_Code/system.o
 .debug_aranges
                0x00000128       0x98 ./RTD/src/Clock_Ip.o
 .debug_aranges
                0x000001c0       0x18 ./RTD/src/Clock_Ip_Data.o
 .debug_aranges
                0x000001d8       0x38 ./RTD/src/Clock_Ip_Divider.o
 .debug_aranges
                0x00000210       0x30 ./RTD/src/Clock_Ip_DividerTrigger.o
 .debug_aranges
                0x00000240       0x60 ./RTD/src/Clock_Ip_ExtOsc.o
 .debug_aranges
                0x000002a0       0x28 ./RTD/src/Clock_Ip_FracDiv.o
 .debug_aranges
                0x000002c8       0x20 ./RTD/src/Clock_Ip_Frequency.o
 .debug_aranges
                0x000002e8       0x38 ./RTD/src/Clock_Ip_Gate.o
 .debug_aranges
                0x00000320       0x60 ./RTD/src/Clock_Ip_IntOsc.o
 .debug_aranges
                0x00000380       0x20 ./RTD/src/Clock_Ip_Irq.o
 .debug_aranges
                0x000003a0       0x60 ./RTD/src/Clock_Ip_Monitor.o
 .debug_aranges
                0x00000400       0x50 ./RTD/src/Clock_Ip_Pll.o
 .debug_aranges
                0x00000450       0x28 ./RTD/src/Clock_Ip_ProgFreqSwitch.o
 .debug_aranges
                0x00000478       0x58 ./RTD/src/Clock_Ip_Selector.o
 .debug_aranges
                0x000004d0       0x78 ./RTD/src/Clock_Ip_Specific.o
 .debug_aranges
                0x00000548       0x38 ./RTD/src/Det.o
 .debug_aranges
                0x00000580       0x48 ./RTD/src/Det_stub.o
 .debug_aranges
                0x000005c8       0x48 ./RTD/src/Dio.o
 .debug_aranges
                0x00000610       0x48 ./RTD/src/Dio_Ipw.o
 .debug_aranges
                0x00000658       0x18 ./RTD/src/Igf_Port_Ip.o
 .debug_aranges
                0x00000670       0x70 ./RTD/src/Mcu.o
 .debug_aranges
                0x000006e0       0x18 ./RTD/src/Mcu_Dem_Wrapper.o
 .debug_aranges
                0x000006f8       0x68 ./RTD/src/Mcu_Ipw.o
 .debug_aranges
                0x00000760       0x18 ./RTD/src/OsIf_Interrupts.o
 .debug_aranges
                0x00000778       0x40 ./RTD/src/OsIf_Timer.o
 .debug_aranges
                0x000007b8       0x18 ./RTD/src/OsIf_Timer_System.o
 .debug_aranges
                0x000007d0       0x30 ./RTD/src/OsIf_Timer_System_Internal_Systick.o
 .debug_aranges
                0x00000800       0x40 ./RTD/src/Port.o
 .debug_aranges
                0x00000840       0x30 ./RTD/src/Port_Ipw.o
 .debug_aranges
                0x00000870       0x60 ./RTD/src/Power_Ip.o
 .debug_aranges
                0x000008d0       0x18 ./RTD/src/Power_Ip_AEC.o
 .debug_aranges
                0x000008e8       0x38 ./RTD/src/Power_Ip_CortexM7.o
 .debug_aranges
                0x00000920       0x28 ./RTD/src/Power_Ip_DCM_GPR.o
 .debug_aranges
                0x00000948       0x20 ./RTD/src/Power_Ip_FLASH.o
 .debug_aranges
                0x00000968       0x60 ./RTD/src/Power_Ip_MC_ME.o
 .debug_aranges
                0x000009c8       0x48 ./RTD/src/Power_Ip_MC_RGM.o
 .debug_aranges
                0x00000a10       0x18 ./RTD/src/Power_Ip_MC_RGM_Irq.o
 .debug_aranges
                0x00000a28       0x28 ./RTD/src/Power_Ip_PMC.o
 .debug_aranges
                0x00000a50       0x18 ./RTD/src/Power_Ip_PMC_Irq.o
 .debug_aranges
                0x00000a68       0x38 ./RTD/src/Power_Ip_Private.o
 .debug_aranges
                0x00000aa0       0x20 ./RTD/src/Ram_Ip.o
 .debug_aranges
                0x00000ac0       0x40 ./RTD/src/SchM_Dio.o
 .debug_aranges
                0x00000b00       0x50 ./RTD/src/SchM_Mcu.o
 .debug_aranges
                0x00000b50      0x1e0 ./RTD/src/SchM_Port.o
 .debug_aranges
                0x00000d30       0x68 ./RTD/src/Siul2_Dio_Ip.o
 .debug_aranges
                0x00000d98       0x60 ./RTD/src/Siul2_Port_Ip.o
 .debug_aranges
                0x00000df8       0x28 ./RTD/src/Tspc_Port_Ip.o
 .debug_aranges
                0x00000e20       0x18 ./board/Siul2_Port_Ip_Cfg.o
 .debug_aranges
                0x00000e38       0x18 ./board/Tspc_Port_Ip_Cfg.o
 .debug_aranges
                0x00000e50       0x18 ./generate/src/Clock_Ip_BOARD_InitPeripherals_PBcfg.o
 .debug_aranges
                0x00000e68       0x18 ./generate/src/Clock_Ip_Cfg.o
 .debug_aranges
                0x00000e80       0x18 ./generate/src/Dio_Cfg.o
 .debug_aranges
                0x00000e98       0x18 ./generate/src/Igf_Port_Ip_BOARD_InitPeripherals_PBcfg.o
 .debug_aranges
                0x00000eb0       0x18 ./generate/src/Igf_Port_Ip_Cfg.o
 .debug_aranges
                0x00000ec8       0x18 ./generate/src/Mcu_BOARD_InitPeripherals_PBcfg.o
 .debug_aranges
                0x00000ee0       0x18 ./generate/src/Mcu_Cfg.o
 .debug_aranges
                0x00000ef8       0x18 ./generate/src/OsIf_Cfg.o
 .debug_aranges
                0x00000f10       0x18 ./generate/src/Port_BOARD_InitPeripherals_PBcfg.o
 .debug_aranges
                0x00000f28       0x18 ./generate/src/Port_Cfg.o
 .debug_aranges
                0x00000f40       0x18 ./generate/src/Power_Ip_BOARD_InitPeripherals_PBcfg.o
 .debug_aranges
                0x00000f58       0x18 ./generate/src/Power_Ip_Cfg.o
 .debug_aranges
                0x00000f70       0x18 ./generate/src/Ram_Ip_BOARD_InitPeripherals_PBcfg.o
 .debug_aranges
                0x00000f88       0x18 ./generate/src/Ram_Ip_Cfg.o
 .debug_aranges
                0x00000fa0       0x18 ./generate/src/Siul2_Port_Ip_BOARD_InitPeripherals_PBcfg.o
 .debug_aranges
                0x00000fb8       0x18 ./generate/src/Tspc_Port_Ip_BOARD_InitPeripherals_PBcfg.o
 .debug_aranges
                0x00000fd0       0x20 ./src/main.o

.debug_ranges   0x00000000      0xdd0
 .debug_ranges  0x00000000       0x58 ./Project_Settings/Startup_Code/exceptions.o
 .debug_ranges  0x00000058       0x28 ./Project_Settings/Startup_Code/nvic.o
 .debug_ranges  0x00000080       0x18 ./Project_Settings/Startup_Code/startup.o
 .debug_ranges  0x00000098       0x20 ./Project_Settings/Startup_Code/startup_cm7.o
 .debug_ranges  0x000000b8       0x78 ./Project_Settings/Startup_Code/system.o
 .debug_ranges  0x00000130      0x110 ./RTD/src/Clock_Ip.o
 .debug_ranges  0x00000240       0x28 ./RTD/src/Clock_Ip_Divider.o
 .debug_ranges  0x00000268       0x20 ./RTD/src/Clock_Ip_DividerTrigger.o
 .debug_ranges  0x00000288       0x50 ./RTD/src/Clock_Ip_ExtOsc.o
 .debug_ranges  0x000002d8       0x18 ./RTD/src/Clock_Ip_FracDiv.o
 .debug_ranges  0x000002f0       0x10 ./RTD/src/Clock_Ip_Frequency.o
 .debug_ranges  0x00000300       0x28 ./RTD/src/Clock_Ip_Gate.o
 .debug_ranges  0x00000328       0x50 ./RTD/src/Clock_Ip_IntOsc.o
 .debug_ranges  0x00000378       0x10 ./RTD/src/Clock_Ip_Irq.o
 .debug_ranges  0x00000388       0x50 ./RTD/src/Clock_Ip_Monitor.o
 .debug_ranges  0x000003d8       0x40 ./RTD/src/Clock_Ip_Pll.o
 .debug_ranges  0x00000418       0x18 ./RTD/src/Clock_Ip_ProgFreqSwitch.o
 .debug_ranges  0x00000430       0x78 ./RTD/src/Clock_Ip_Selector.o
 .debug_ranges  0x000004a8       0x80 ./RTD/src/Clock_Ip_Specific.o
 .debug_ranges  0x00000528       0x28 ./RTD/src/Det.o
 .debug_ranges  0x00000550       0x38 ./RTD/src/Det_stub.o
 .debug_ranges  0x00000588       0x38 ./RTD/src/Dio.o
 .debug_ranges  0x000005c0       0x98 ./RTD/src/Dio_Ipw.o
 .debug_ranges  0x00000658       0x60 ./RTD/src/Mcu.o
 .debug_ranges  0x000006b8       0x58 ./RTD/src/Mcu_Ipw.o
 .debug_ranges  0x00000710       0x30 ./RTD/src/OsIf_Timer.o
 .debug_ranges  0x00000740       0x20 ./RTD/src/OsIf_Timer_System_Internal_Systick.o
 .debug_ranges  0x00000760       0x30 ./RTD/src/Port.o
 .debug_ranges  0x00000790       0x90 ./RTD/src/Port_Ipw.o
 .debug_ranges  0x00000820       0x68 ./RTD/src/Power_Ip.o
 .debug_ranges  0x00000888       0x28 ./RTD/src/Power_Ip_CortexM7.o
 .debug_ranges  0x000008b0       0x18 ./RTD/src/Power_Ip_DCM_GPR.o
 .debug_ranges  0x000008c8       0x10 ./RTD/src/Power_Ip_FLASH.o
 .debug_ranges  0x000008d8       0x88 ./RTD/src/Power_Ip_MC_ME.o
 .debug_ranges  0x00000960       0xb0 ./RTD/src/Power_Ip_MC_RGM.o
 .debug_ranges  0x00000a10       0x18 ./RTD/src/Power_Ip_PMC.o
 .debug_ranges  0x00000a28       0x28 ./RTD/src/Power_Ip_Private.o